Component: ARM Compiler 6.16 Tool: armlink [5dfeaa00]

==============================================================================

Section Cross References

    startup_stm32f427xx.o(RESET) refers to startup_stm32f427xx.o(STACK) for __initial_sp
    startup_stm32f427xx.o(RESET) refers to startup_stm32f427xx.o(.text) for Reset_Handler
    startup_stm32f427xx.o(RESET) refers to stm32f4xx_it.o(.text.NMI_Handler) for NMI_Handler
    startup_stm32f427xx.o(RESET) refers to stm32f4xx_it.o(.text.HardFault_Handler) for HardFault_Handler
    startup_stm32f427xx.o(RESET) refers to stm32f4xx_it.o(.text.MemManage_Handler) for MemManage_Handler
    startup_stm32f427xx.o(RESET) refers to stm32f4xx_it.o(.text.BusFault_Handler) for BusFault_Handler
    startup_stm32f427xx.o(RESET) refers to stm32f4xx_it.o(.text.UsageFault_Handler) for UsageFault_Handler
    startup_stm32f427xx.o(RESET) refers to port.o(.text.SVC_Handler) for SVC_Handler
    startup_stm32f427xx.o(RESET) refers to stm32f4xx_it.o(.text.DebugMon_Handler) for DebugMon_Handler
    startup_stm32f427xx.o(RESET) refers to port.o(.text.PendSV_Handler) for PendSV_Handler
    startup_stm32f427xx.o(RESET) refers to port.o(.text.SysTick_Handler) for SysTick_Handler
    startup_stm32f427xx.o(RESET) refers to stm32f4xx_it.o(.text.CAN1_RX0_IRQHandler) for CAN1_RX0_IRQHandler
    startup_stm32f427xx.o(RESET) refers to stm32f4xx_it.o(.text.TIM1_UP_TIM10_IRQHandler) for TIM1_UP_TIM10_IRQHandler
    startup_stm32f427xx.o(RESET) refers to stm32f4xx_it.o(.text.USART1_IRQHandler) for USART1_IRQHandler
    startup_stm32f427xx.o(RESET) refers to stm32f4xx_it.o(.text.DMA2_Stream2_IRQHandler) for DMA2_Stream2_IRQHandler
    startup_stm32f427xx.o(RESET) refers to stm32f4xx_it.o(.text.CAN2_RX0_IRQHandler) for CAN2_RX0_IRQHandler
    startup_stm32f427xx.o(.text) refers to system_stm32f4xx.o(.text.SystemInit) for SystemInit
    startup_stm32f427xx.o(.text) refers to entry.o(.ARM.Collect$$$$00000000) for __main
    main.o(.text.main) refers to stm32f4xx_hal.o(.text.HAL_Init) for HAL_Init
    main.o(.text.main) refers to main.o(.text.SystemClock_Config) for SystemClock_Config
    main.o(.text.main) refers to gpio.o(.text.MX_GPIO_Init) for MX_GPIO_Init
    main.o(.text.main) refers to dma.o(.text.MX_DMA_Init) for MX_DMA_Init
    main.o(.text.main) refers to usart.o(.text.MX_USART1_UART_Init) for MX_USART1_UART_Init
    main.o(.text.main) refers to can.o(.text.MX_CAN1_Init) for MX_CAN1_Init
    main.o(.text.main) refers to can.o(.text.MX_CAN2_Init) for MX_CAN2_Init
    main.o(.text.main) refers to concan.o(.text.can_filter_init) for can_filter_init
    main.o(.text.main) refers to ramp.o(.bss.chassis_ramp_x) for chassis_ramp_x
    main.o(.text.main) refers to ramp.o(.text.ramp_init) for ramp_init
    main.o(.text.main) refers to ramp.o(.bss.chassis_ramp_y) for chassis_ramp_y
    main.o(.text.main) refers to ramp.o(.bss.chassis_ramp_r) for chassis_ramp_r
    main.o(.text.main) refers to filter.o(.bss.chassis_cmd_vx) for chassis_cmd_vx
    main.o(.text.main) refers to filter.o(.text.first_order_filter_init) for first_order_filter_init
    main.o(.text.main) refers to filter.o(.bss.chassis_cmd_vy) for chassis_cmd_vy
    main.o(.text.main) refers to filter.o(.bss.chassis_cmd_rotate) for chassis_cmd_rotate
    main.o(.text.main) refers to freertos.o(.text.MX_FREERTOS_Init) for MX_FREERTOS_Init
    main.o(.text.main) refers to cmsis_os.o(.text.osKernelStart) for osKernelStart
    main.o(.ARM.exidx.text.main) refers to main.o(.text.main) for [Anonymous Symbol]
    main.o(.text.SystemClock_Config) refers to memseta.o(.text) for __aeabi_memclr4
    main.o(.text.SystemClock_Config) refers to stm32f4xx_hal_rcc.o(.text.HAL_RCC_OscConfig) for HAL_RCC_OscConfig
    main.o(.text.SystemClock_Config) refers to stm32f4xx_hal_pwr_ex.o(.text.HAL_PWREx_EnableOverDrive) for HAL_PWREx_EnableOverDrive
    main.o(.text.SystemClock_Config) refers to stm32f4xx_hal_rcc.o(.text.HAL_RCC_ClockConfig) for HAL_RCC_ClockConfig
    main.o(.ARM.exidx.text.SystemClock_Config) refers to main.o(.text.SystemClock_Config) for [Anonymous Symbol]
    main.o(.ARM.exidx.text.Error_Handler) refers to main.o(.text.Error_Handler) for [Anonymous Symbol]
    main.o(.text.HAL_TIM_PeriodElapsedCallback) refers to stm32f4xx_hal.o(.text.HAL_IncTick) for HAL_IncTick
    main.o(.ARM.exidx.text.HAL_TIM_PeriodElapsedCallback) refers to main.o(.text.HAL_TIM_PeriodElapsedCallback) for [Anonymous Symbol]
    gpio.o(.text.MX_GPIO_Init) refers to stm32f4xx_hal_gpio.o(.text.HAL_GPIO_WritePin) for HAL_GPIO_WritePin
    gpio.o(.text.MX_GPIO_Init) refers to stm32f4xx_hal_gpio.o(.text.HAL_GPIO_Init) for HAL_GPIO_Init
    gpio.o(.ARM.exidx.text.MX_GPIO_Init) refers to gpio.o(.text.MX_GPIO_Init) for [Anonymous Symbol]
    freertos.o(.text.vApplicationGetIdleTaskMemory) refers to freertos.o(.bss.xIdleTaskTCBBuffer) for xIdleTaskTCBBuffer
    freertos.o(.text.vApplicationGetIdleTaskMemory) refers to freertos.o(.bss.xIdleStack) for xIdleStack
[...]
    [Anonymous Symbol]                       0x080043e0   Section        0  ramp.o(.text.ramp_calc)
    [Anonymous Symbol]                       0x080044d0   Section        0  ramp.o(.text.ramp_init)
    [Anonymous Symbol]                       0x080044d8   Section        0  chassis_task.o(.text.read_num)
    [Anonymous Symbol]                       0x08004500   Section        0  concan.o(.text.sendMotorCurrent)
    [Anonymous Symbol]                       0x08004588   Section        0  engineer.o(.text.set_data_init)
    tuitui_box                               0x080045ed   Thumb Code    92  engineering_task.o(.text.tuitui_box)
    [Anonymous Symbol]                       0x080045ec   Section        0  engineering_task.o(.text.tuitui_box)
    uuid_change_zero                         0x08004649   Thumb Code   110  engineering_task.o(.text.uuid_change_zero)
    [Anonymous Symbol]                       0x08004648   Section        0  engineering_task.o(.text.uuid_change_zero)
    [Anonymous Symbol]                       0x080046b8   Section        0  list.o(.text.uxListRemove)
    [Anonymous Symbol]                       0x080046dc   Section        0  freertos.o(.text.vApplicationGetIdleTaskMemory)
    [Anonymous Symbol]                       0x080046f8   Section        0  list.o(.text.vListInitialise)
    [Anonymous Symbol]                       0x08004710   Section        0  list.o(.text.vListInitialiseItem)
    [Anonymous Symbol]                       0x08004718   Section        0  list.o(.text.vListInsert)
    [Anonymous Symbol]                       0x08004754   Section        0  list.o(.text.vListInsertEnd)
    vPortEnableVFP                           0x08004771   Thumb Code    14  port.o(.text.vPortEnableVFP)
    [Anonymous Symbol]                       0x08004770   Section        0  port.o(.text.vPortEnableVFP)
    [Anonymous Symbol]                       0x08004784   Section        0  port.o(.text.vPortEnterCritical)
    [Anonymous Symbol]                       0x080047cc   Section        0  port.o(.text.vPortExitCritical)
    [Anonymous Symbol]                       0x080047fc   Section        0  heap_4.o(.text.vPortFree)
    [Anonymous Symbol]                       0x08004888   Section        0  port.o(.text.vPortSetupTimerInterrupt)
    [Anonymous Symbol]                       0x080048bc   Section        0  tasks.o(.text.vTaskDelay)
    [Anonymous Symbol]                       0x08004910   Section        0  tasks.o(.text.vTaskDelayUntil)
    [Anonymous Symbol]                       0x080049b8   Section        0  tasks.o(.text.vTaskStartScheduler)
    [Anonymous Symbol]                       0x08004a38   Section        0  tasks.o(.text.vTaskSuspendAll)
    [Anonymous Symbol]                       0x08004a48   Section        0  tasks.o(.text.vTaskSwitchContext)
    [Anonymous Symbol]                       0x08004ad0   Section        0  concan.o(.text.value_get)
    [Anonymous Symbol]                       0x08004b50   Section        0  port.o(.text.xPortStartScheduler)
    [Anonymous Symbol]                       0x08004c64   Section        0  tasks.o(.text.xTaskCreate)
    [Anonymous Symbol]                       0x08004ccc   Section        0  tasks.o(.text.xTaskCreateStatic)
    [Anonymous Symbol]                       0x08004d44   Section        0  tasks.o(.text.xTaskGetTickCount)
    [Anonymous Symbol]                       0x08004d50   Section        0  tasks.o(.text.xTaskIncrementTick)
    [Anonymous Symbol]                       0x08004eb4   Section        0  tasks.o(.text.xTaskResumeAll)
    i.__scatterload_copy                     0x08004fcc   Section       14  handlers.o(i.__scatterload_copy)
    i.__scatterload_null                     0x08004fda   Section        2  handlers.o(i.__scatterload_null)
    i.__scatterload_zeroinit                 0x08004fdc   Section       14  handlers.o(i.__scatterload_zeroinit)
    .L__const.MX_FREERTOS_Init.os_thread_def_myTask01 0x08004fec   Data          28  freertos.o(.rodata..L__const.MX_FREERTOS_Init.os_thread_def_myTask01)
    .L__const.MX_FREERTOS_Init.os_thread_def_myTask02 0x08005008   Data          28  freertos.o(.rodata..L__const.MX_FREERTOS_Init.os_thread_def_myTask02)
    .L__const.MX_FREERTOS_Init.os_thread_def_myTask03 0x08005024   Data          28  freertos.o(.rodata..L__const.MX_FREERTOS_Init.os_thread_def_myTask03)
    [Anonymous Symbol]                       0x08005058   Section        0  freertos.o(.rodata.str1.1)
    uxCriticalNesting                        0x200000dc   Data           4  port.o(.data.uxCriticalNesting)
    [Anonymous Symbol]                       0x200000dc   Section        0  port.o(.data.uxCriticalNesting)
    HAL_CAN_RxFifo0MsgPendingCallback.can_uuid 0x2000010c   Data           1  concan.o(.bss.HAL_CAN_RxFifo0MsgPendingCallback.can_uuid)
    [Anonymous Symbol]                       0x2000010c   Section        0  concan.o(.bss.HAL_CAN_RxFifo0MsgPendingCallback.can_uuid)
    HAL_RCC_CAN1_CLK_ENABLED                 0x20000110   Data           4  can.o(.bss.HAL_RCC_CAN1_CLK_ENABLED)
    [Anonymous Symbol]                       0x20000110   Section        0  can.o(.bss.HAL_RCC_CAN1_CLK_ENABLED)
    pxDelayedTaskList                        0x20000540   Data           4  tasks.o(.bss.pxDelayedTaskList)
    [Anonymous Symbol]                       0x20000540   Section        0  tasks.o(.bss.pxDelayedTaskList)
    pxEnd                                    0x20000544   Data           4  heap_4.o(.bss.pxEnd)
    [Anonymous Symbol]                       0x20000544   Section        0  heap_4.o(.bss.pxEnd)
    pxOverflowDelayedTaskList                0x20000548   Data           4  tasks.o(.bss.pxOverflowDelayedTaskList)
    [Anonymous Symbol]                       0x20000548   Section        0  tasks.o(.bss.pxOverflowDelayedTaskList)
    pxReadyTasksLists                        0x2000054c   Data         140  tasks.o(.bss.pxReadyTasksLists)
    [Anonymous Symbol]                       0x2000054c   Section        0  tasks.o(.bss.pxReadyTasksLists)
    ucHeap                                   0x20000644   Data       15360  heap_4.o(.bss.ucHeap)
    [Anonymous Symbol]                       0x20000644   Section        0  heap_4.o(.bss.ucHeap)
    ucMaxSysCallPriority                     0x20004244   Data           1  port.o(.bss.ucMaxSysCallPriority)
    [Anonymous Symbol]                       0x20004244   Section        0  port.o(.bss.ucMaxSysCallPriority)
    ulMaxPRIGROUPValue                       0x20004248   Data           4  port.o(.bss.ulMaxPRIGROUPValue)
    [Anonymous Symbol]                       0x20004248   Section        0  port.o(.bss.ulMaxPRIGROUPValue)
    uxCurrentNumberOfTasks                   0x20004258   Data           4  tasks.o(.bss.uxCurrentNumberOfTasks)
    [Anonymous Symbol]                       0x20004258   Section        0  tasks.o(.bss.uxCurrentNumberOfTasks)
    uxDeletedTasksWaitingCleanUp             0x2000425c   Data           4  tasks.o(.bss.uxDeletedTasksWaitingCleanUp)
    [Anonymous Symbol]                       0x2000425c   Section        0  tasks.o(.bss.uxDeletedTasksWaitingCleanUp)
    uxSchedulerSuspended                     0x20004260   Data           4  tasks.o(.bss.uxSchedulerSuspended)
    [Anonymous Symbol]                       0x20004260   Section        0  tasks.o(.bss.uxSchedulerSuspended)
    uxTaskNumber                             0x20004264   Data           4  tasks.o(.bss.uxTaskNumber)
    [Anonymous Symbol]                       0x20004264   Section        0  tasks.o(.bss.uxTaskNumber)
    uxTopReadyPriority                       0x20004268   Data           4  tasks.o(.bss.uxTopReadyPriority)
    [Anonymous Symbol]                       0x20004268   Section        0  tasks.o(.bss.uxTopReadyPriority)
    xBlockAllocatedBit                       0x2000426c   Data           1  heap_4.o(.bss.xBlockAllocatedBit)
    [Anonymous Symbol]                       0x2000426c   Section        0  heap_4.o(.bss.xBlockAllocatedBit)
    xDelayedTaskList1                        0x20004270   Data          20  tasks.o(.bss.xDelayedTaskList1)
    [Anonymous Symbol]                       0x20004270   Section        0  tasks.o(.bss.xDelayedTaskList1)
    xDelayedTaskList2                        0x20004284   Data          20  tasks.o(.bss.xDelayedTaskList2)
    [Anonymous Symbol]                       0x20004284   Section        0  tasks.o(.bss.xDelayedTaskList2)
    xFreeBytesRemaining                      0x20004298   Data           4  heap_4.o(.bss.xFreeBytesRemaining)
    [Anonymous Symbol]                       0x20004298   Section        0  heap_4.o(.bss.xFreeBytesRemaining)
    xIdleStack                               0x2000429c   Data         512  freertos.o(.bss.xIdleStack)
    [Anonymous Symbol]                       0x2000429c   Section        0  freertos.o(.bss.xIdleStack)
    xIdleTaskHandle                          0x2000449c   Data           4  tasks.o(.bss.xIdleTaskHandle)
    [Anonymous Symbol]                       0x2000449c   Section        0  tasks.o(.bss.xIdleTaskHandle)
    xIdleTaskTCBBuffer                       0x200044a0   Data          84  freertos.o(.bss.xIdleTaskTCBBuffer)
    [Anonymous Symbol]                       0x200044a0   Section        0  freertos.o(.bss.xIdleTaskTCBBuffer)
    xMinimumEverFreeBytesRemaining           0x200044f4   Data           4  heap_4.o(.bss.xMinimumEverFreeBytesRemaining)
    [Anonymous Symbol]                       0x200044f4   Section        0  heap_4.o(.bss.xMinimumEverFreeBytesRemaining)
    xNextTaskUnblockTime                     0x200044f8   Data           4  tasks.o(.bss.xNextTaskUnblockTime)
    [Anonymous Symbol]                       0x200044f8   Section        0  tasks.o(.bss.xNextTaskUnblockTime)
    xNumOfOverflows                          0x200044fc   Data           4  tasks.o(.bss.xNumOfOverflows)
    [Anonymous Symbol]                       0x200044fc   Section        0  tasks.o(.bss.xNumOfOverflows)
    xNumberOfSuccessfulAllocations           0x20004500   Data           4  heap_4.o(.bss.xNumberOfSuccessfulAllocations)
    [Anonymous Symbol]                       0x20004500   Section        0  heap_4.o(.bss.xNumberOfSuccessfulAllocations)
    xNumberOfSuccessfulFrees                 0x20004504   Data           4  heap_4.o(.bss.xNumberOfSuccessfulFrees)
    [Anonymous Symbol]                       0x20004504   Section        0  heap_4.o(.bss.xNumberOfSuccessfulFrees)
    xPendedTicks                             0x20004508   Data           4  tasks.o(.bss.xPendedTicks)
    [Anonymous Symbol]                       0x20004508   Section        0  tasks.o(.bss.xPendedTicks)
    xPendingReadyList                        0x2000450c   Data          20  tasks.o(.bss.xPendingReadyList)
    [Anonymous Symbol]                       0x2000450c   Section        0  tasks.o(.bss.xPendingReadyList)
    xSchedulerRunning                        0x20004520   Data           4  tasks.o(.bss.xSchedulerRunning)
    [Anonymous Symbol]                       0x20004520   Section        0  tasks.o(.bss.xSchedulerRunning)
    xStart                                   0x20004524   Data           8  heap_4.o(.bss.xStart)
    [Anonymous Symbol]                       0x20004524   Section        0  heap_4.o(.bss.xStart)
    xSuspendedTaskList                       0x2000452c   Data          20  tasks.o(.bss.xSuspendedTaskList)
    [Anonymous Symbol]                       0x2000452c   Section        0  tasks.o(.bss.xSuspendedTaskList)
    xTasksWaitingTermination                 0x20004540   Data          20  tasks.o(.bss.xTasksWaitingTermination)
    [Anonymous Symbol]                       0x20004540   Section        0  tasks.o(.bss.xTasksWaitingTermination)
    xTickCount                               0x20004554   Data           4  tasks.o(.bss.xTickCount)
    [Anonymous Symbol]                       0x20004554   Section        0  tasks.o(.bss.xTickCount)
    xYieldPending                            0x20004558   Data           4  tasks.o(.bss.xYieldPending)
    [Anonymous Symbol]                       0x20004558   Section        0  tasks.o(.bss.xYieldPending)
    STACK                                    0x20004560   Section     1024  startup_stm32f427xx.o(STACK)

    Global Symbols

    Symbol Name                              Value     Ov Type        Size  Object(Section)

    BuildAttributes$$THM_ISAv4$E$P$D$K$B$S$7EM$VFPi3$EXTD16$VFPS$VFMA$PE$A:L22UL41UL21$X:L11$S22US41US21$IEEE1$IW$~IW$USESV6$~STKCKD$USESV7$~SHL$OTIME$ROPI$EBA8$MICROLIB$REQ8$PRES8$EABIv2 0x00000000   Number         0  anon$$obj.o ABSOLUTE
    __cpp_initialize__aeabi_                  - Undefined Weak Reference
    __cxa_finalize                            - Undefined Weak Reference
    __decompress                              - Undefined Weak Reference
    _clock_init                               - Undefined Weak Reference
    _microlib_exit                            - Undefined Weak Reference
    __Vectors_Size                           0x000001ac   Number         0  startup_stm32f427xx.o ABSOLUTE
    __Vectors                                0x08000000   Data           4  startup_stm32f427xx.o(RESET)
    __Vectors_End                            0x080001ac   Data           0  startup_stm32f427xx.o(RESET)
    __main                                   0x080001ad   Thumb Code     0  entry.o(.ARM.Collect$$$$00000000)
    _main_stk                                0x080001ad   Thumb Code     0  entry2.o(.ARM.Collect$$$$00000001)
    _main_scatterload                        0x080001b1   Thumb Code     0  entry5.o(.ARM.Collect$$$$00000004)
    __main_after_scatterload                 0x080001b5   Thumb Code     0  entry5.o(.ARM.Collect$$$$00000004)
    _main_clock                              0x080001b5   Thumb Code     0  entry7b.o(.ARM.Collect$$$$00000008)
    _main_cpp_init                           0x080001b5   Thumb Code     0  entry8b.o(.ARM.Collect$$$$0000000A)
    _main_init                               0x080001b5   Thumb Code     0  entry9a.o(.ARM.Collect$$$$0000000B)
    __rt_final_cpp                           0x080001bd   Thumb Code     0  entry10a.o(.ARM.Collect$$$$0000000D)
    __rt_final_exit                          0x080001bd   Thumb Code     0  entry11a.o(.ARM.Collect$$$$0000000F)
    Reset_Handler                            0x080001c1   Thumb Code     8  startup_stm32f427xx.o(.text)
    ADC_IRQHandler                           0x080001db   Thumb Code     0  startup_stm32f427xx.o(.text)
    CAN1_RX1_IRQHandler                      0x080001db   Thumb Code     0  startup_stm32f427xx.o(.text)
    CAN1_SCE_IRQHandler                      0x080001db   Thumb Code     0  startup_stm32f427xx.o(.text)
    CAN1_TX_IRQHandler                       0x080001db   Thumb Code     0  startup_stm32f427xx.o(.text)
    CAN2_RX1_IRQHandler                      0x080001db   Thumb Code     0  startup_stm32f427xx.o(.text)
    CAN2_SCE_IRQHandler                      0x080001db   Thumb Code     0  startup_stm32f427xx.o(.text)
    CAN2_TX_IRQHandler                       0x080001db   Thumb Code     0  startup_stm32f427xx.o(.text)
    DCMI_IRQHandler                          0x080001db   Thumb Code     0  startup_stm32f427xx.o(.text)
    DMA1_Stream0_IRQHandler                  0x080001db   Thumb Code     0  startup_stm32f427xx.o(.text)
    DMA1_Stream1_IRQHandler                  0x080001db   Thumb Code     0  startup_stm32f427xx.o(.text)
    DMA1_Stream2_IRQHandler                  0x080001db   Thumb Code     0  startup_stm32f427xx.o(.text)
    DMA1_Stream3_IRQHandler                  0x080001db   Thumb Code     0  startup_stm32f427xx.o(.text)
    DMA1_Stream4_IRQHandler                  0x080001db   Thumb Code     0  startup_stm32f427xx.o(.text)
    DMA1_Stream5_IRQHandler                  0x080001db   Thumb Code     0  startup_stm32f427xx.o(.text)
    DMA1_Stream6_IRQHandler                  0x080001db   Thumb Code     0  startup_stm32f427xx.o(.text)
    DMA1_Stream7_IRQHandler                  0x080001db   Thumb Code     0  startup_stm32f427xx.o(.text)
    DMA2D_IRQHandler                         0x080001db   Thumb Code     0  startup_stm32f427xx.o(.text)
    DMA2_Stream0_IRQHandler                  0x080001db   Thumb Code     0  startup_stm32f427xx.o(.text)
    DMA2_Stream1_IRQHandler                  0x080001db   Thumb Code     0  startup_stm32f427xx.o(.text)
    DMA2_Stream3_IRQHandler                  0x080001db   Thumb Code     0  startup_stm32f427xx.o(.text)
    DMA2_Stream4_IRQHandler                  0x080001db   Thumb Code     0  startup_stm32f427xx.o(.text)
    DMA2_Stream5_IRQHandler                  0x080001db   Thumb Code     0  startup_stm32f427xx.o(.text)
    DMA2_Stream6_IRQHandler                  0x080001db   Thumb Code     0  startup_stm32f427xx.o(.text)
    DMA2_Stream7_IRQHandler                  0x080001db   Thumb Code     0  startup_stm32f427xx.o(.text)
    ETH_IRQHandler                           0x080001db   Thumb Code     0  startup_stm32f427xx.o(.text)
    ETH_WKUP_IRQHandler                      0x080001db   Thumb Code     0  startup_stm32f427xx.o(.text)
    EXTI0_IRQHandler                         0x080001db   Thumb Code     0  startup_stm32f427xx.o(.text)
    EXTI15_10_IRQHandler                     0x080001db   Thumb Code     0  startup_stm32f427xx.o(.text)
    EXTI1_IRQHandler                         0x080001db   Thumb Code     0  startup_stm32f427xx.o(.text)
    EXTI2_IRQHandler                         0x080001db   Thumb Code     0  startup_stm32f427xx.o(.text)
    EXTI3_IRQHandler                         0x080001db   Thumb Code     0  startup_stm32f427xx.o(.text)
    EXTI4_IRQHandler                         0x080001db   Thumb Code     0  startup_stm32f427xx.o(.text)
    EXTI9_5_IRQHandler                       0x080001db   Thumb Code     0  startup_stm32f427xx.o(.text)
    FLASH_IRQHandler                         0x080001db   Thumb Code     0  startup_stm32f427xx.o(.text)
    FMC_IRQHandler                           0x080001db   Thumb Code     0  startup_stm32f427xx.o(.text)
    FPU_IRQHandler                           0x080001db   Thumb Code     0  startup_stm32f427xx.o(.text)
    HASH_RNG_IRQHandler                      0x080001db   Thumb Code     0  startup_stm32f427xx.o(.text)
    I2C1_ER_IRQHandler                       0x080001db   Thumb Code     0  startup_stm32f427xx.o(.text)
    I2C1_EV_IRQHandler                       0x080001db   Thumb Code     0  startup_stm32f427xx.o(.text)
    I2C2_ER_IRQHandler                       0x080001db   Thumb Code     0  startup_stm32f427xx.o(.text)
    I2C2_EV_IRQHandler                       0x080001db   Thumb Code     0  startup_stm32f427xx.o(.text)
    I2C3_ER_IRQHandler                       0x080001db   Thumb Code     0  startup_stm32f427xx.o(.text)
    I2C3_EV_IRQHandler                       0x080001db   Thumb Code     0  startup_stm32f427xx.o(.text)
    OTG_FS_IRQHandler                        0x080001db   Thumb Code     0  startup_stm32f427xx.o(.text)
    OTG_FS_WKUP_IRQHandler                   0x080001db   Thumb Code     0  startup_stm32f427xx.o(.text)
    OTG_HS_EP1_IN_IRQHandler                 0x080001db   Thumb Code     0  startup_stm32f427xx.o(.text)
    OTG_HS_EP1_OUT_IRQHandler                0x080001db   Thumb Code     0  startup_stm32f427xx.o(.text)
    OTG_HS_IRQHandler                        0x080001db   Thumb Code     0  startup_stm32f427xx.o(.text)
    OTG_HS_WKUP_IRQHandler                   0x080001db   Thumb Code     0  startup_stm32f427xx.o(.text)
    PVD_IRQHandler                           0x080001db   Thumb Code     0  startup_stm32f427xx.o(.text)
    RCC_IRQHandler                           0x080001db   Thumb Code     0  startup_stm32f427xx.o(.text)
    RTC_Alarm_IRQHandler                     0x080001db   Thumb Code     0  startup_stm32f427xx.o(.text)
    RTC_WKUP_IRQHandler                      0x080001db   Thumb Code     0  startup_stm32f427xx.o(.text)
    SAI1_IRQHandler                          0x080001db   Thumb Code     0  startup_stm32f427xx.o(.text)
    SDIO_IRQHandler                          0x080001db   Thumb Code     0  startup_stm32f427xx.o(.text)
    SPI1_IRQHandler                          0x080001db   Thumb Code     0  startup_stm32f427xx.o(.text)
    SPI2_IRQHandler                          0x080001db   Thumb Code     0  startup_stm32f427xx.o(.text)
    SPI3_IRQHandler                          0x080001db   Thumb Code     0  startup_stm32f427xx.o(.text)
    SPI4_IRQHandler                          0x080001db   Thumb Code     0  startup_stm32f427xx.o(.text)
    SPI5_IRQHandler                          0x080001db   Thumb Code     0  startup_stm32f427xx.o(.text)
    SPI6_IRQHandler                          0x080001db   Thumb Code     0  startup_stm32f427xx.o(.text)
    TAMP_STAMP_IRQHandler                    0x080001db   Thumb Code     0  startup_stm32f427xx.o(.text)
    TIM1_BRK_TIM9_IRQHandler                 0x080001db   Thumb Code     0  startup_stm32f427xx.o(.text)
    TIM1_CC_IRQHandler                       0x080001db   Thumb Code     0  startup_stm32f427xx.o(.text)
    TIM1_TRG_COM_TIM11_IRQHandler            0x080001db   Thumb Code     0  startup_stm32f427xx.o(.text)
    TIM2_IRQHandler                          0x080001db   Thumb Code     0  startup_stm32f427xx.o(.text)
    TIM3_IRQHandler                          0x080001db   Thumb Code     0  startup_stm32f427xx.o(.text)
    TIM4_IRQHandler                          0x080001db   Thumb Code     0  startup_stm32f427xx.o(.text)
    TIM5_IRQHandler                          0x080001db   Thumb Code     0  startup_stm32f427xx.o(.text)
    TIM6_DAC_IRQHandler                      0x080001db   Thumb Code     0  startup_stm32f427xx.o(.text)
    TIM7_IRQHandler                          0x080001db   Thumb Code     0  startup_stm32f427xx.o(.text)
    TIM8_BRK_TIM12_IRQHandler                0x080001db   Thumb Code     0  startup_stm32f427xx.o(.text)
    TIM8_CC_IRQHandler                       0x080001db   Thumb Code     0  startup_stm32f427xx.o(.text)
    TIM8_TRG_COM_TIM14_IRQHandler            0x080001db   Thumb Code     0  startup_stm32f427xx.o(.text)
    TIM8_UP_TIM13_IRQHandler                 0x080001db   Thumb Code     0  startup_stm32f427xx.o(.text)
    UART4_IRQHandler                         0x080001db   Thumb Code     0  startup_stm32f427xx.o(.text)
    UART5_IRQHandler                         0x080001db   Thumb Code     0  startup_stm32f427xx.o(.text)
    UART7_IRQHandler                         0x080001db   Thumb Code     0  startup_stm32f427xx.o(.text)
    UART8_IRQHandler                         0x080001db   Thumb Code     0  startup_stm32f427xx.o(.text)
    USART2_IRQHandler                        0x080001db   Thumb Code     0  startup_stm32f427xx.o(.text)
    USART3_IRQHandler                        0x080001db   Thumb Code     0  startup_stm32f427xx.o(.text)
    USART6_IRQHandler                        0x080001db   Thumb Code     0  startup_stm32f427xx.o(.text)
    WWDG_IRQHandler                          0x080001db   Thumb Code     0  startup_stm32f427xx.o(.text)
    __aeabi_uldivmod                         0x080001e5   Thumb Code    98  uldiv.o(.text)
    __aeabi_memset                           0x08000247   Thumb Code    14  memseta.o(.text)
    __aeabi_memset4                          0x08000247   Thumb Code     0  memseta.o(.text)
    __aeabi_memset8                          0x08000247   Thumb Code     0  memseta.o(.text)
    __aeabi_memclr                           0x08000255   Thumb Code     4  memseta.o(.text)
    __aeabi_memclr4                          0x08000255   Thumb Code     0  memseta.o(.text)
    __aeabi_memclr8                          0x08000255   Thumb Code     0  memseta.o(.text)
    _memset$wrapper                          0x08000259   Thumb Code    18  memseta.o(.text)
    __aeabi_dadd                             0x0800026b   Thumb Code   322  dadd.o(.text)
    __aeabi_dsub                             0x080003ad   Thumb Code     6  dadd.o(.text)
    __aeabi_drsub                            0x080003b3   Thumb Code     6  dadd.o(.text)
    __aeabi_dmul                             0x080003b9   Thumb Code   228  dmul.o(.text)
    __aeabi_i2d                              0x0800049d   Thumb Code    34  dflti.o(.text)
    __aeabi_f2d                              0x080004bf   Thumb Code    38  f2d.o(.text)
    __aeabi_d2f                              0x080004e5   Thumb Code    56  d2f.o(.text)
    __aeabi_llsl                             0x0800051d   Thumb Code    30  llshl.o(.text)
    _ll_shift_l                              0x0800051d   Thumb Code     0  llshl.o(.text)
    __aeabi_llsr                             0x0800053b   Thumb Code    32  llushr.o(.text)
    _ll_ushift_r                             0x0800053b   Thumb Code     0  llushr.o(.text)
    __aeabi_lasr                             0x0800055b   Thumb Code    36  llsshr.o(.text)
    _ll_sshift_r                             0x0800055b   Thumb Code     0  llsshr.o(.text)
    __I$use$fp                               0x0800057f   Thumb Code     0  iusefp.o(.text)
    _float_round                             0x0800057f   Thumb Code    18  fepilogue.o(.text)
    _float_epilogue                          0x08000591   Thumb Code    92  fepilogue.o(.text)
    _double_round                            0x080005ed   Thumb Code    30  depilogue.o(.text)
    _double_epilogue                         0x0800060b   Thumb Code   156  depilogue.o(.text)
    __scatterload                            0x080006a9   Thumb Code    28  init.o(.text)
    __scatterload_rt2                        0x080006a9   Thumb Code     0  init.o(.text)
    Abs_Inte_Llimit                          0x080006cd   Thumb Code    48  pid.o(.text.Abs_Inte_Llimit)
    Abs_Limit                                0x080006fd   Thumb Code    48  pid.o(.text.Abs_Limit)
    BusFault_Handler                         0x0800072d   Thumb Code     2  stm32f4xx_it.o(.text.BusFault_Handler)
    CAN1_RX0_IRQHandler                      0x08000731   Thumb Code    16  stm32f4xx_it.o(.text.CAN1_RX0_IRQHandler)
    CAN2_RX0_IRQHandler                      0x08000741   Thumb Code    16  stm32f4xx_it.o(.text.CAN2_RX0_IRQHandler)
    DMA2_Stream2_IRQHandler                  0x08000751   Thumb Code    16  stm32f4xx_it.o(.text.DMA2_Stream2_IRQHandler)
    DebugMon_Handler                         0x0800081d   Thumb Code     2  stm32f4xx_it.o(.text.DebugMon_Handler)
    Error_Handler                            0x08000821   Thumb Code     2  main.o(.text.Error_Handler)
    HAL_CAN_ActivateNotification             0x08000825   Thumb Code    38  stm32f4xx_hal_can.o(.text.HAL_CAN_ActivateNotification)
    HAL_CAN_AddTxMessage                     0x0800084d   Thumb Code   164  stm32f4xx_hal_can.o(.text.HAL_CAN_AddTxMessage)
    HAL_CAN_ConfigFilter                     0x080008f1   Thumb Code   222  stm32f4xx_hal_can.o(.text.HAL_CAN_ConfigFilter)
    HAL_CAN_ErrorCallback                    0x080009d1   Thumb Code     2  stm32f4xx_hal_can.o(.text.HAL_CAN_ErrorCallback)
    HAL_CAN_GetRxMessage                     0x080009d5   Thumb Code   284  stm32f4xx_hal_can.o(.text.HAL_CAN_GetRxMessage)
    HAL_CAN_IRQHandler                       0x08000af1   Thumb Code   570  stm32f4xx_hal_can.o(.text.HAL_CAN_IRQHandler)
    HAL_CAN_Init                             0x08000d2d   Thumb Code   244  stm32f4xx_hal_can.o(.text.HAL_CAN_Init)
    HAL_CAN_MspInit                          0x08000e21   Thumb Code   286  can.o(.text.HAL_CAN_MspInit)
    HAL_CAN_RxFifo0FullCallback              0x08000f41   Thumb Code     2  stm32f4xx_hal_can.o(.text.HAL_CAN_RxFifo0FullCallback)
    HAL_CAN_RxFifo0MsgPendingCallback        0x08000f45   Thumb Code   194  concan.o(.text.HAL_CAN_RxFifo0MsgPendingCallback)
    HAL_CAN_RxFifo1FullCallback              0x08001009   Thumb Code     2  stm32f4xx_hal_can.o(.text.HAL_CAN_RxFifo1FullCallback)
    HAL_CAN_RxFifo1MsgPendingCallback        0x0800100d   Thumb Code     2  stm32f4xx_hal_can.o(.text.HAL_CAN_RxFifo1MsgPendingCallback)
    HAL_CAN_SleepCallback                    0x08001011   Thumb Code     2  stm32f4xx_hal_can.o(.text.HAL_CAN_SleepCallback)
    HAL_CAN_Start                            0x08001015   Thumb Code    90  stm32f4xx_hal_can.o(.text.HAL_CAN_Start)
    HAL_CAN_TxMailbox0AbortCallback          0x08001071   Thumb Code     2  stm32f4xx_hal_can.o(.text.HAL_CAN_TxMailbox0AbortCallback)
    HAL_CAN_TxMailbox0CompleteCallback       0x08001075   Thumb Code     2  stm32f4xx_hal_can.o(.text.HAL_CAN_TxMailbox0CompleteCallback)
    HAL_CAN_TxMailbox1AbortCallback          0x08001079   Thumb Code     2  stm32f4xx_hal_can.o(.text.HAL_CAN_TxMailbox1AbortCallback)
    HAL_CAN_TxMailbox1CompleteCallback       0x0800107d   Thumb Code     2  stm32f4xx_hal_can.o(.text.HAL_CAN_TxMailbox1CompleteCallback)
    HAL_CAN_TxMailbox2AbortCallback          0x08001081   Thumb Code     2  stm32f4xx_hal_can.o(.text.HAL_CAN_TxMailbox2AbortCallback)
    HAL_CAN_TxMailbox2CompleteCallback       0x08001085   Thumb Code     2  stm32f4xx_hal_can.o(.text.HAL_CAN_TxMailbox2CompleteCallback)
    HAL_CAN_WakeUpFromRxMsgCallback          0x08001089   Thumb Code     2  stm32f4xx_hal_can.o(.text.HAL_CAN_WakeUpFromRxMsgCallback)
    HAL_DMA_Abort                            0x0800108d   Thumb Code   138  stm32f4xx_hal_dma.o(.text.HAL_DMA_Abort)
    HAL_DMA_Abort_IT                         0x08001119   Thumb Code    36  stm32f4xx_hal_dma.o(.text.HAL_DMA_Abort_IT)
    HAL_DMA_IRQHandler                       0x0800113d   Thumb Code   396  stm32f4xx_hal_dma.o(.text.HAL_DMA_IRQHandler)
    HAL_DMA_Init                             0x080012c9   Thumb Code   206  stm32f4xx_hal_dma.o(.text.HAL_DMA_Init)
    HAL_DMA_Start_IT                         0x08001399   Thumb Code    98  stm32f4xx_hal_dma.o(.text.HAL_DMA_Start_IT)
    HAL_GPIO_Init                            0x080013fd   Thumb Code   406  stm32f4xx_hal_gpio.o(.text.HAL_GPIO_Init)
    HAL_GPIO_WritePin                        0x08001595   Thumb Code    10  stm32f4xx_hal_gpio.o(.text.HAL_GPIO_WritePin)
    HAL_GetTick                              0x080015a1   Thumb Code    12  stm32f4xx_hal.o(.text.HAL_GetTick)
    HAL_IncTick                              0x080015ad   Thumb Code    26  stm32f4xx_hal.o(.text.HAL_IncTick)
    HAL_Init                                 0x080015c9   Thumb Code    54  stm32f4xx_hal.o(.text.HAL_Init)
    HAL_InitTick                             0x08001601   Thumb Code   140  stm32f4xx_hal_timebase_tim.o(.text.HAL_InitTick)
    HAL_MspInit                              0x0800168d   Thumb Code    70  stm32f4xx_hal_msp.o(.text.HAL_MspInit)
    HAL_NVIC_EnableIRQ                       0x080016d5   Thumb Code     8  stm32f4xx_hal_cortex.o(.text.HAL_NVIC_EnableIRQ)
    HAL_NVIC_SetPriority                     0x080016dd   Thumb Code    30  stm32f4xx_hal_cortex.o(.text.HAL_NVIC_SetPriority)
    HAL_NVIC_SetPriorityGrouping             0x080016fd   Thumb Code     8  stm32f4xx_hal_cortex.o(.text.HAL_NVIC_SetPriorityGrouping)
    HAL_PWREx_EnableOverDrive                0x08001705   Thumb Code   122  stm32f4xx_hal_pwr_ex.o(.text.HAL_PWREx_EnableOverDrive)
    HAL_RCC_ClockConfig                      0x08001781   Thumb Code   352  stm32f4xx_hal_rcc.o(.text.HAL_RCC_ClockConfig)
    HAL_RCC_GetClockConfig                   0x080018e1   Thumb Code    62  stm32f4xx_hal_rcc.o(.text.HAL_RCC_GetClockConfig)
    HAL_RCC_GetHCLKFreq                      0x08001921   Thumb Code    12  stm32f4xx_hal_rcc.o(.text.HAL_RCC_GetHCLKFreq)
    HAL_RCC_GetPCLK1Freq                     0x0800192d   Thumb Code    34  stm32f4xx_hal_rcc.o(.text.HAL_RCC_GetPCLK1Freq)
    HAL_RCC_GetPCLK2Freq                     0x08001951   Thumb Code    34  stm32f4xx_hal_rcc.o(.text.HAL_RCC_GetPCLK2Freq)
    HAL_RCC_GetSysClockFreq                  0x08001975   Thumb Code   104  stm32f4xx_hal_rcc.o(.text.HAL_RCC_GetSysClockFreq)
    HAL_RCC_OscConfig                        0x080019dd   Thumb Code   840  stm32f4xx_hal_rcc.o(.text.HAL_RCC_OscConfig)
    HAL_TIMEx_BreakCallback                  0x08001d25   Thumb Code     2  stm32f4xx_hal_tim_ex.o(.text.HAL_TIMEx_BreakCallback)
    HAL_TIMEx_CommutCallback                 0x08001d29   Thumb Code     2  stm32f4xx_hal_tim_ex.o(.text.HAL_TIMEx_CommutCallback)
    HAL_TIM_Base_Init                        0x08001d2d   Thumb Code    90  stm32f4xx_hal_tim.o(.text.HAL_TIM_Base_Init)
    HAL_TIM_Base_MspInit                     0x08001d89   Thumb Code     2  stm32f4xx_hal_tim.o(.text.HAL_TIM_Base_MspInit)
    HAL_TIM_Base_Start_IT                    0x08001d8d   Thumb Code   168  stm32f4xx_hal_tim.o(.text.HAL_TIM_Base_Start_IT)
    HAL_TIM_IC_CaptureCallback               0x08001e35   Thumb Code     2  stm32f4xx_hal_tim.o(.text.HAL_TIM_IC_CaptureCallback)
    HAL_TIM_IRQHandler                       0x08001e39   Thumb Code   362  stm32f4xx_hal_tim.o(.text.HAL_TIM_IRQHandler)
    HAL_TIM_OC_DelayElapsedCallback          0x08001fa5   Thumb Code     2  stm32f4xx_hal_tim.o(.text.HAL_TIM_OC_DelayElapsedCallback)
    HAL_TIM_PWM_PulseFinishedCallback        0x08001fa9   Thumb Code     2  stm32f4xx_hal_tim.o(.text.HAL_TIM_PWM_PulseFinishedCallback)
    HAL_TIM_PeriodElapsedCallback            0x08001fad   Thumb Code    20  main.o(.text.HAL_TIM_PeriodElapsedCallback)
    HAL_TIM_TriggerCallback                  0x08001fc1   Thumb Code     2  stm32f4xx_hal_tim.o(.text.HAL_TIM_TriggerCallback)
    HAL_UARTEx_RxEventCallback               0x08001fc5   Thumb Code     2  stm32f4xx_hal_uart.o(.text.HAL_UARTEx_RxEventCallback)
    HAL_UART_DMAStop                         0x08001fc9   Thumb Code    92  stm32f4xx_hal_uart.o(.text.HAL_UART_DMAStop)
    HAL_UART_ErrorCallback                   0x08002025   Thumb Code     2  stm32f4xx_hal_uart.o(.text.HAL_UART_ErrorCallback)
    HAL_UART_IRQHandler                      0x08002029   Thumb Code   466  stm32f4xx_hal_uart.o(.text.HAL_UART_IRQHandler)
    HAL_UART_Init                            0x080021fd   Thumb Code    94  stm32f4xx_hal_uart.o(.text.HAL_UART_Init)
    HAL_UART_MspInit                         0x0800225d   Thumb Code   216  usart.o(.text.HAL_UART_MspInit)
    HAL_UART_Receive_DMA                     0x08002335   Thumb Code    56  stm32f4xx_hal_uart.o(.text.HAL_UART_Receive_DMA)
    HAL_UART_RxCpltCallback                  0x0800236d   Thumb Code     2  stm32f4xx_hal_uart.o(.text.HAL_UART_RxCpltCallback)
    HAL_UART_RxHalfCpltCallback              0x08002371   Thumb Code     2  stm32f4xx_hal_uart.o(.text.HAL_UART_RxHalfCpltCallback)
    HAL_UART_TxCpltCallback                  0x08002375   Thumb Code     2  stm32f4xx_hal_uart.o(.text.HAL_UART_TxCpltCallback)
    HardFault_Handler                        0x08002379   Thumb Code     2  stm32f4xx_it.o(.text.HardFault_Handler)
    MX_CAN1_Init                             0x0800237d   Thumb Code    66  can.o(.text.MX_CAN1_Init)
    MX_CAN2_Init                             0x080023c1   Thumb Code    66  can.o(.text.MX_CAN2_Init)
    MX_DMA_Init                              0x08002405   Thumb Code    54  dma.o(.text.MX_DMA_Init)
    MX_FREERTOS_Init                         0x0800243d   Thumb Code   160  freertos.o(.text.MX_FREERTOS_Init)
    MX_GPIO_Init                             0x080024dd   Thumb Code   264  gpio.o(.text.MX_GPIO_Init)
    MX_USART1_UART_Init                      0x080025e5   Thumb Code    60  usart.o(.text.MX_USART1_UART_Init)
    MemManage_Handler                        0x08002621   Thumb Code     2  stm32f4xx_it.o(.text.MemManage_Handler)
    NMI_Handler                              0x08002625   Thumb Code     2  stm32f4xx_it.o(.text.NMI_Handler)
    PendSV_Handler                           0x08002661   Thumb Code   100  port.o(.text.PendSV_Handler)
    PidCalculate                             0x080026c5   Thumb Code   124  pid.o(.text.PidCalculate)
    SVC_Handler                              0x08002741   Thumb Code    36  port.o(.text.SVC_Handler)
    SysTick_Handler                          0x08002765   Thumb Code    46  port.o(.text.SysTick_Handler)
    SystemClock_Config                       0x08002795   Thumb Code   158  main.o(.text.SystemClock_Config)
    SystemInit                               0x08002835   Thumb Code    26  system_stm32f4xx.o(.text.SystemInit)
    TIM1_UP_TIM10_IRQHandler                 0x08002851   Thumb Code    16  stm32f4xx_it.o(.text.TIM1_UP_TIM10_IRQHandler)
    TIM_Base_SetConfig                       0x08002861   Thumb Code   292  stm32f4xx_hal_tim.o(.text.TIM_Base_SetConfig)
    UART_Start_Receive_DMA                   0x08002c25   Thumb Code   114  stm32f4xx_hal_uart.o(.text.UART_Start_Receive_DMA)
    USART1_IRQHandler                        0x08002ced   Thumb Code    62  stm32f4xx_it.o(.text.USART1_IRQHandler)
    UsageFault_Handler                       0x08002d2d   Thumb Code     2  stm32f4xx_it.o(.text.UsageFault_Handler)
    can_filter_init                          0x08002da5   Thumb Code   102  concan.o(.text.can_filter_init)
    chassis_keyboard                         0x08002e0d   Thumb Code   200  chassis_task.o(.text.chassis_keyboard)
    chasssis_task                            0x08002f4d   Thumb Code   416  chassis_task.o(.text.chasssis_task)
    dbus_getdata                             0x080032a9   Thumb Code   708  condbus.o(.text.dbus_getdata)
    engineer_init                            0x0800356d   Thumb Code   106  engineer.o(.text.engineer_init)
    engineer_task                            0x080035d9   Thumb Code   234  engineering_task.o(.text.engineer_task)
    engineering_keyboard                     0x080036c5   Thumb Code    86  engineering_task.o(.text.engineering_keyboard)
    first_order_filter_cali                  0x0800371d   Thumb Code    42  filter.o(.text.first_order_filter_cali)
    first_order_filter_init                  0x08003749   Thumb Code    10  filter.o(.text.first_order_filter_init)
    main                                     0x08003b79   Thumb Code   180  main.o(.text.main)
    osDelay                                  0x08003c39   Thumb Code    16  cmsis_os.o(.text.osDelay)
    osKernelStart                            0x08003c49   Thumb Code    10  cmsis_os.o(.text.osKernelStart)
    osThreadCreate                           0x08003c55   Thumb Code   110  cmsis_os.o(.text.osThreadCreate)
    os_delay                                 0x08003cc5   Thumb Code     8  time.o(.text.os_delay)
    pid_calc_task                            0x08003ccd   Thumb Code   310  freertos.o(.text.pid_calc_task)
    pid_struct_init                          0x08003e05   Thumb Code    14  pid.o(.text.pid_struct_init)
    pvPortMalloc                             0x08004269   Thumb Code   330  heap_4.o(.text.pvPortMalloc)
    pxPortInitialiseStack                    0x080043b5   Thumb Code    40  port.o(.text.pxPortInitialiseStack)
    ramp_calc                                0x080043e1   Thumb Code   240  ramp.o(.text.ramp_calc)
    ramp_init                                0x080044d1   Thumb Code     6  ramp.o(.text.ramp_init)
    read_num                                 0x080044d9   Thumb Code    40  chassis_task.o(.text.read_num)
    sendMotorCurrent                         0x08004501   Thumb Code   134  concan.o(.text.sendMotorCurrent)
    set_data_init                            0x08004589   Thumb Code    98  engineer.o(.text.set_data_init)
    uxListRemove                             0x080046b9   Thumb Code    36  list.o(.text.uxListRemove)
    vApplicationGetIdleTaskMemory            0x080046dd   Thumb Code    26  freertos.o(.text.vApplicationGetIdleTaskMemory)
    vListInitialise                          0x080046f9   Thumb Code    22  list.o(.text.vListInitialise)
    vListInitialiseItem                      0x08004711   Thumb Code     6  list.o(.text.vListInitialiseItem)
    vListInsert                              0x08004719   Thumb Code    58  list.o(.text.vListInsert)
    vListInsertEnd                           0x08004755   Thumb Code    28  list.o(.text.vListInsertEnd)
    vPortEnterCritical                       0x08004785   Thumb Code    70  port.o(.text.vPortEnterCritical)
    vPortExitCritical                        0x080047cd   Thumb Code    46  port.o(.text.vPortExitCritical)
    vPortFree                                0x080047fd   Thumb Code   138  heap_4.o(.text.vPortFree)
    vPortSetupTimerInterrupt                 0x08004889   Thumb Code    52  port.o(.text.vPortSetupTimerInterrupt)
    vTaskDelay                               0x080048bd   Thumb Code    84  tasks.o(.text.vTaskDelay)
    vTaskDelayUntil                          0x08004911   Thumb Code   168  tasks.o(.text.vTaskDelayUntil)
    vTaskStartScheduler                      0x080049b9   Thumb Code   120  tasks.o(.text.vTaskStartScheduler)
    vTaskSuspendAll                          0x08004a39   Thumb Code    16  tasks.o(.text.vTaskSuspendAll)
    vTaskSwitchContext                       0x08004a49   Thumb Code   134  tasks.o(.text.vTaskSwitchContext)
    value_get                                0x08004ad1   Thumb Code   128  concan.o(.text.value_get)
    xPortStartScheduler                      0x08004b51   Thumb Code   274  port.o(.text.xPortStartScheduler)
    xTaskCreate                              0x08004c65   Thumb Code   102  tasks.o(.text.xTaskCreate)
    xTaskCreateStatic                        0x08004ccd   Thumb Code   118  tasks.o(.text.xTaskCreateStatic)
    xTaskGetTickCount                        0x08004d45   Thumb Code    12  tasks.o(.text.xTaskGetTickCount)
    xTaskIncrementTick                       0x08004d51   Thumb Code   356  tasks.o(.text.xTaskIncrementTick)
    xTaskResumeAll                           0x08004eb5   Thumb Code   280  tasks.o(.text.xTaskResumeAll)
    __scatterload_copy                       0x08004fcd   Thumb Code    14  handlers.o(i.__scatterload_copy)
    __scatterload_null                       0x08004fdb   Thumb Code     2  handlers.o(i.__scatterload_null)
    __scatterload_zeroinit                   0x08004fdd   Thumb Code    14  handlers.o(i.__scatterload_zeroinit)
    AHBPrescTable                            0x08005040   Data          16  system_stm32f4xx.o(.rodata.AHBPrescTable)
    APBPrescTable                            0x08005050   Data           8  system_stm32f4xx.o(.rodata.APBPrescTable)
    Region$$Table$$Base                      0x08005074   Number         0  anon$$obj.o(Region$$Table)
    Region$$Table$$Limit                     0x08005094   Number         0  anon$$obj.o(Region$$Table)
    RM3508_Elevator_Data_L                   0x20000000   Data          24  concan.o(.data.RM3508_Elevator_Data_L)
    RM3508_Elevator_Data_R                   0x20000018   Data          24  concan.o(.data.RM3508_Elevator_Data_R)
    RM3508_Snatch_Data                       0x20000030   Data          24  concan.o(.data.RM3508_Snatch_Data)
    SystemCoreClock                          0x20000048   Data           4  system_stm32f4xx.o(.data.SystemCoreClock)
    chassis_pid_param                        0x2000004c   Data          20  chassis_task.o(.data.chassis_pid_param)
    ele_inner                                0x20000060   Data          20  engineering_task.o(.data.ele_inner)
    ele_outer                                0x20000074   Data          20  engineering_task.o(.data.ele_outer)
    ele_position                             0x20000088   Data          16  engineer.o(.data.ele_position)
    ore_number                               0x20000098   Data           1  condbus.o(.data.ore_number)
    snatch_inner                             0x2000009c   Data          20  engineering_task.o(.data.snatch_inner)
    snatch_outer                             0x200000b0   Data          20  engineering_task.o(.data.snatch_outer)
    snatch_position                          0x200000c4   Data          16  engineer.o(.data.snatch_position)
    uwTickFreq                               0x200000d4   Data           1  stm32f4xx_hal.o(.data.uwTickFreq)
    uwTickPrio                               0x200000d8   Data           4  stm32f4xx_hal.o(.data.uwTickPrio)
    DBUS                                     0x200000e0   Data          22  condbus.o(.bss.DBUS)
    DBUS_BUFFER                              0x200000f6   Data          19  stm32f4xx_it.o(.bss.DBUS_BUFFER)
    Key_Count                                0x20000114   Data          40  condbus.o(.bss.Key_Count)
    MOTION_MODE_ROTATE                       0x2000013c   Data           1  condbus.o(.bss.MOTION_MODE_ROTATE)
    PID_RM3508_Speed_1                       0x20000140   Data          52  chassis_task.o(.bss.PID_RM3508_Speed_1)
    PID_RM3508_Speed_2                       0x20000174   Data          52  chassis_task.o(.bss.PID_RM3508_Speed_2)
    PID_RM3508_Speed_3                       0x200001a8   Data          52  chassis_task.o(.bss.PID_RM3508_Speed_3)
    PID_RM3508_Speed_4                       0x200001dc   Data          52  chassis_task.o(.bss.PID_RM3508_Speed_4)
    RM3508_Data_1                            0x20000210   Data          24  concan.o(.bss.RM3508_Data_1)
    RM3508_Data_2                            0x20000228   Data          24  concan.o(.bss.RM3508_Data_2)
    RM3508_Data_3                            0x20000240   Data          24  concan.o(.bss.RM3508_Data_3)
    RM3508_Data_4                            0x20000258   Data          24  concan.o(.bss.RM3508_Data_4)
    can_filter_st                            0x20000270   Data          40  concan.o(.bss.can_filter_st)
    chassis_cmd_rotate                       0x20000298   Data          16  filter.o(.bss.chassis_cmd_rotate)
    chassis_cmd_vx                           0x200002a8   Data          16  filter.o(.bss.chassis_cmd_vx)
    chassis_cmd_vy                           0x200002b8   Data          16  filter.o(.bss.chassis_cmd_vy)
    chassis_ramp_r                           0x200002c8   Data          16  ramp.o(.bss.chassis_ramp_r)
    chassis_ramp_x                           0x200002d8   Data          16  ramp.o(.bss.chassis_ramp_x)
    chassis_ramp_y                           0x200002e8   Data          16  ramp.o(.bss.chassis_ramp_y)
    chassis_rel_speed_t                      0x200002f8   Data          12  chassis_task.o(.bss.chassis_rel_speed_t)
    chassis_speed_t                          0x20000304   Data          20  chassis_task.o(.bss.chassis_speed_t)
    control_mode_state                       0x20000318   Data           1  condbus.o(.bss.control_mode_state)
    ele_left_position_pid                    0x2000031c   Data          52  engineering_task.o(.bss.ele_left_position_pid)
    ele_left_speed_pid                       0x20000350   Data          52  engineering_task.o(.bss.ele_left_speed_pid)
    ele_right_position_pid                   0x20000384   Data          52  engineering_task.o(.bss.ele_right_position_pid)
    ele_right_speed_pid                      0x200003b8   Data          52  engineering_task.o(.bss.ele_right_speed_pid)
    hcan1                                    0x200003ec   Data          40  can.o(.bss.hcan1)
    hcan2                                    0x20000414   Data          40  can.o(.bss.hcan2)
    hdma_usart1_rx                           0x2000043c   Data          96  usart.o(.bss.hdma_usart1_rx)
    htim1                                    0x2000049c   Data          72  stm32f4xx_hal_timebase_tim.o(.bss.htim1)
    huart1                                   0x200004e4   Data          68  usart.o(.bss.huart1)
    motion_mode_state                        0x20000528   Data           1  condbus.o(.bss.motion_mode_state)
    myTask01Handle                           0x2000052c   Data           4  freertos.o(.bss.myTask01Handle)
    myTask02Handle                           0x20000530   Data           4  freertos.o(.bss.myTask02Handle)
    myTask03Handle                           0x20000534   Data           4  freertos.o(.bss.myTask03Handle)
    my_upanddown                             0x20000538   Data           1  condbus.o(.bss.my_upanddown)
    pxCurrentTCB                             0x2000053c   Data           4  tasks.o(.bss.pxCurrentTCB)
    small_and_big                            0x200005d8   Data           4  condbus.o(.bss.small_and_big)
    snatch_position_pid                      0x200005dc   Data          52  engineering_task.o(.bss.snatch_position_pid)
    snatch_speed_pid                         0x20000610   Data          52  engineering_task.o(.bss.snatch_speed_pid)
    uuid_t                                   0x2000424c   Data           5  engineering_task.o(.bss.uuid_t)
    uwTick                                   0x20004254   Data           4  stm32f4xx_hal.o(.bss.uwTick)
    __initial_sp                             0x20004960   Data           0  startup_stm32f427xx.o(STACK)



==============================================================================

Memory Map of the image

  Image Entry point : 0x080001ad

  Load Region LR_IROM1 (Base: 0x08000000, Size: 0x00005178, Max: 0x00200000, ABSOLUTE)

    Execution Region ER_IROM1 (Exec base: 0x08000000, Load base: 0x08000000, Size: 0x00005094, Max: 0x00200000, ABSOLUTE)

    Exec Addr    Load Addr    Size         Type   Attr      Idx    E Section Name        Object

    0x08000000   0x08000000   0x000001ac   Data   RO            3    RESET               startup_stm32f427xx.o
    0x080001ac   0x080001ac   0x00000000   Code   RO         1865  * .ARM.Collect$$$$00000000  mc_w.l(entry.o)
    0x080001ac   0x080001ac   0x00000004   Code   RO         1886    .ARM.Collect$$$$00000001  mc_w.l(entry2.o)
    0x080001b0   0x080001b0   0x00000004   Code   RO         1889    .ARM.Collect$$$$00000004  mc_w.l(entry5.o)
    0x080001b4   0x080001b4   0x00000000   Code   RO         1891    .ARM.Collect$$$$00000008  mc_w.l(entry7b.o)
    0x080001b4   0x080001b4   0x00000000   Code   RO         1893    .ARM.Collect$$$$0000000A  mc_w.l(entry8b.o)
    0x080001b4   0x080001b4   0x00000008   Code   RO         1894    .ARM.Collect$$$$0000000B  mc_w.l(entry9a.o)
    0x080001bc   0x080001bc   0x00000000   Code   RO         1896    .ARM.Collect$$$$0000000D  mc_w.l(entry10a.o)
    0x080001bc   0x080001bc   0x00000000   Code   RO         1898    .ARM.Collect$$$$0000000F  mc_w.l(entry11a.o)
    0x080001bc   0x080001bc   0x00000004   Code   RO         1887    .ARM.Collect$$$$00002712  mc_w.l(entry2.o)
    0x080001c0   0x080001c0   0x00000024   Code   RO            4    .text               startup_stm32f427xx.o
    0x080001e4   0x080001e4   0x00000062   Code   RO         1868    .text               mc_w.l(uldiv.o)
    0x08000246   0x08000246   0x00000024   Code   RO         1872    .text               mc_w.l(memseta.o)
    0x0800026a   0x0800026a   0x0000014e   Code   RO         1876    .text               mf_w.l(dadd.o)
    0x080003b8   0x080003b8   0x000000e4   Code   RO         1878    .text               mf_w.l(dmul.o)
    0x0800049c   0x0800049c   0x00000022   Code   RO         1880    .text               mf_w.l(dflti.o)
    0x080004be   0x080004be   0x00000026   Code   RO         1882    .text               mf_w.l(f2d.o)
    0x080004e4   0x080004e4   0x00000038   Code   RO         1884    .text               mf_w.l(d2f.o)
    0x0800051c   0x0800051c   0x0000001e   Code   RO         1900    .text               mc_w.l(llshl.o)
    0x0800053a   0x0800053a   0x00000020   Code   RO         1902    .text               mc_w.l(llushr.o)
    0x0800055a   0x0800055a   0x00000024   Code   RO         1904    .text               mc_w.l(llsshr.o)
    0x0800057e   0x0800057e   0x00000000   Code   RO         1906    .text               mc_w.l(iusefp.o)
    0x0800057e   0x0800057e   0x0000006e   Code   RO         1907    .text               mf_w.l(fepilogue.o)
    0x080005ec   0x080005ec   0x000000ba   Code   RO         1909    .text               mf_w.l(depilogue.o)
    0x080006a6   0x080006a6   0x00000002   PAD
    0x080006a8   0x080006a8   0x00000024   Code   RO         1911    .text               mc_w.l(init.o)
    0x080006cc   0x080006cc   0x00000030   Code   RO         1743    .text.Abs_Inte_Llimit  pid.o
    0x080006fc   0x080006fc   0x00000030   Code   RO         1741    .text.Abs_Limit     pid.o
    0x0800072c   0x0800072c   0x00000002   Code   RO          114    .text.BusFault_Handler  stm32f4xx_it.o
    0x0800072e   0x0800072e   0x00000002   PAD
    0x08000730   0x08000730   0x00000010   Code   RO          120    .text.CAN1_RX0_IRQHandler  stm32f4xx_it.o
    0x08000740   0x08000740   0x00000010   Code   RO          128    .text.CAN2_RX0_IRQHandler  stm32f4xx_it.o
    0x08000750   0x08000750   0x00000010   Code   RO          126    .text.DMA2_Stream2_IRQHandler  stm32f4xx_it.o
    0x08000760   0x08000760   0x0000003c   Code   RO          446    .text.DMA_CalcBaseAndBitshift  stm32f4xx_hal_dma.o
    0x0800079c   0x0800079c   0x00000050   Code   RO          444    .text.DMA_CheckFifoParam  stm32f4xx_hal_dma.o
    0x080007ec   0x080007ec   0x00000030   Code   RO          452    .text.DMA_SetConfig  stm32f4xx_hal_dma.o
    0x0800081c   0x0800081c   0x00000002   Code   RO          118    .text.DebugMon_Handler  stm32f4xx_it.o
    0x0800081e   0x0800081e   0x00000002   PAD
    0x08000820   0x08000820   0x00000002   Code   RO           15    .text.Error_Handler  main.o
    0x08000822   0x08000822   0x00000002   PAD
    0x08000824   0x08000824   0x00000026   Code   RO          196    .text.HAL_CAN_ActivateNotification  stm32f4xx_hal_can.o
    0x0800084a   0x0800084a   0x00000002   PAD
    0x0800084c   0x0800084c   0x000000a4   Code   RO          182    .text.HAL_CAN_AddTxMessage  stm32f4xx_hal_can.o
    0x080008f0   0x080008f0   0x000000de   Code   RO          172    .text.HAL_CAN_ConfigFilter  stm32f4xx_hal_can.o
    0x080009ce   0x080009ce   0x00000002   PAD
    0x080009d0   0x080009d0   0x00000002   Code   RO          226    .text.HAL_CAN_ErrorCallback  stm32f4xx_hal_can.o
    0x080009d2   0x080009d2   0x00000002   PAD
    0x080009d4   0x080009d4   0x0000011c   Code   RO          192    .text.HAL_CAN_GetRxMessage  stm32f4xx_hal_can.o
    0x08000af0   0x08000af0   0x0000023a   Code   RO          200    .text.HAL_CAN_IRQHandler  stm32f4xx_hal_can.o
    0x08000d2a   0x08000d2a   0x00000002   PAD
    0x08000d2c   0x08000d2c   0x000000f4   Code   RO          162    .text.HAL_CAN_Init  stm32f4xx_hal_can.o
    0x08000e20   0x08000e20   0x0000011e   Code   RO           68    .text.HAL_CAN_MspInit  can.o
    0x08000f3e   0x08000f3e   0x00000002   PAD
    0x08000f40   0x08000f40   0x00000002   Code   RO          214    .text.HAL_CAN_RxFifo0FullCallback  stm32f4xx_hal_can.o
    0x08000f42   0x08000f42   0x00000002   PAD
    0x08000f44   0x08000f44   0x000000c2   Code   RO         1697    .text.HAL_CAN_RxFifo0MsgPendingCallback  concan.o
    0x08001006   0x08001006   0x00000002   PAD
    0x08001008   0x08001008   0x00000002   Code   RO          218    .text.HAL_CAN_RxFifo1FullCallback  stm32f4xx_hal_can.o
    0x0800100a   0x0800100a   0x00000002   PAD
    0x0800100c   0x0800100c   0x00000002   Code   RO          220    .text.HAL_CAN_RxFifo1MsgPendingCallback  stm32f4xx_hal_can.o
    0x0800100e   0x0800100e   0x00000002   PAD
    0x08001010   0x08001010   0x00000002   Code   RO          222    .text.HAL_CAN_SleepCallback  stm32f4xx_hal_can.o
    0x08001012   0x08001012   0x00000002   PAD
    0x08001014   0x08001014   0x0000005a   Code   RO          174    .text.HAL_CAN_Start  stm32f4xx_hal_can.o
    0x0800106e   0x0800106e   0x00000002   PAD
    0x08001070   0x08001070   0x00000002   Code   RO          204    .text.HAL_CAN_TxMailbox0AbortCallback  stm32f4xx_hal_can.o
    0x08001072   0x08001072   0x00000002   PAD
    0x08001074   0x08001074   0x00000002   Code   RO          202    .text.HAL_CAN_TxMailbox0CompleteCallback  stm32f4xx_hal_can.o
    0x08001076   0x08001076   0x00000002   PAD
    0x08001078   0x08001078   0x00000002   Code   RO          208    .text.HAL_CAN_TxMailbox1AbortCallback  stm32f4xx_hal_can.o
    0x0800107a   0x0800107a   0x00000002   PAD
    0x0800107c   0x0800107c   0x00000002   Code   RO          206    .text.HAL_CAN_TxMailbox1CompleteCallback  stm32f4xx_hal_can.o
    0x0800107e   0x0800107e   0x00000002   PAD
    0x08001080   0x08001080   0x00000002   Code   RO          212    .text.HAL_CAN_TxMailbox2AbortCallback  stm32f4xx_hal_can.o
    0x08001082   0x08001082   0x00000002   PAD
    0x08001084   0x08001084   0x00000002   Code   RO          210    .text.HAL_CAN_TxMailbox2CompleteCallback  stm32f4xx_hal_can.o
    0x08001086   0x08001086   0x00000002   PAD
    0x08001088   0x08001088   0x00000002   Code   RO          224    .text.HAL_CAN_WakeUpFromRxMsgCallback  stm32f4xx_hal_can.o
    0x0800108a   0x0800108a   0x00000002   PAD
    0x0800108c   0x0800108c   0x0000008a   Code   RO          456    .text.HAL_DMA_Abort  stm32f4xx_hal_dma.o
    0x08001116   0x08001116   0x00000002   PAD
    0x08001118   0x08001118   0x00000024   Code   RO          458    .text.HAL_DMA_Abort_IT  stm32f4xx_hal_dma.o
    0x0800113c   0x0800113c   0x0000018c   Code   RO          462    .text.HAL_DMA_IRQHandler  stm32f4xx_hal_dma.o
    0x080012c8   0x080012c8   0x000000ce   Code   RO          442    .text.HAL_DMA_Init  stm32f4xx_hal_dma.o
    0x08001396   0x08001396   0x00000002   PAD
    0x08001398   0x08001398   0x00000062   Code   RO          454    .text.HAL_DMA_Start_IT  stm32f4xx_hal_dma.o
    0x080013fa   0x080013fa   0x00000002   PAD
    0x080013fc   0x080013fc   0x00000196   Code   RO          402    .text.HAL_GPIO_Init  stm32f4xx_hal_gpio.o
    0x08001592   0x08001592   0x00000002   PAD
    0x08001594   0x08001594   0x0000000a   Code   RO          408    .text.HAL_GPIO_WritePin  stm32f4xx_hal_gpio.o
    0x0800159e   0x0800159e   0x00000002   PAD
    0x080015a0   0x080015a0   0x0000000c   Code   RO          632    .text.HAL_GetTick   stm32f4xx_hal.o
    0x080015ac   0x080015ac   0x0000001a   Code   RO          630    .text.HAL_IncTick   stm32f4xx_hal.o
    0x080015c6   0x080015c6   0x00000002   PAD
    0x080015c8   0x080015c8   0x00000036   Code   RO          620    .text.HAL_Init      stm32f4xx_hal.o
    0x080015fe   0x080015fe   0x00000002   PAD
    0x08001600   0x08001600   0x0000008c   Code   RO          147    .text.HAL_InitTick  stm32f4xx_hal_timebase_tim.o
    0x0800168c   0x0800168c   0x00000046   Code   RO          138    .text.HAL_MspInit   stm32f4xx_hal_msp.o
    0x080016d2   0x080016d2   0x00000002   PAD
    0x080016d4   0x080016d4   0x00000008   Code   RO          560    .text.HAL_NVIC_EnableIRQ  stm32f4xx_hal_cortex.o
    0x080016dc   0x080016dc   0x0000001e   Code   RO          552    .text.HAL_NVIC_SetPriority  stm32f4xx_hal_cortex.o
    0x080016fa   0x080016fa   0x00000002   PAD
    0x080016fc   0x080016fc   0x00000008   Code   RO          548    .text.HAL_NVIC_SetPriorityGrouping  stm32f4xx_hal_cortex.o
    0x08001704   0x08001704   0x0000007a   Code   RO          534    .text.HAL_PWREx_EnableOverDrive  stm32f4xx_hal_pwr_ex.o
    0x0800177e   0x0800177e   0x00000002   PAD
    0x08001780   0x08001780   0x00000160   Code   RO          246    .text.HAL_RCC_ClockConfig  stm32f4xx_hal_rcc.o
    0x080018e0   0x080018e0   0x0000003e   Code   RO          264    .text.HAL_RCC_GetClockConfig  stm32f4xx_hal_rcc.o
    0x0800191e   0x0800191e   0x00000002   PAD
    0x08001920   0x08001920   0x0000000c   Code   RO          256    .text.HAL_RCC_GetHCLKFreq  stm32f4xx_hal_rcc.o
    0x0800192c   0x0800192c   0x00000022   Code   RO          258    .text.HAL_RCC_GetPCLK1Freq  stm32f4xx_hal_rcc.o
    0x0800194e   0x0800194e   0x00000002   PAD
    0x08001950   0x08001950   0x00000022   Code   RO          260    .text.HAL_RCC_GetPCLK2Freq  stm32f4xx_hal_rcc.o
    0x08001972   0x08001972   0x00000002   PAD
    0x08001974   0x08001974   0x00000068   Code   RO          248    .text.HAL_RCC_GetSysClockFreq  stm32f4xx_hal_rcc.o
    0x080019dc   0x080019dc   0x00000348   Code   RO          244    .text.HAL_RCC_OscConfig  stm32f4xx_hal_rcc.o
    0x08001d24   0x08001d24   0x00000002   Code   RO         1039    .text.HAL_TIMEx_BreakCallback  stm32f4xx_hal_tim_ex.o
    0x08001d26   0x08001d26   0x00000002   PAD
    0x08001d28   0x08001d28   0x00000002   Code   RO         1035    .text.HAL_TIMEx_CommutCallback  stm32f4xx_hal_tim_ex.o
    0x08001d2a   0x08001d2a   0x00000002   PAD
    0x08001d2c   0x08001d2c   0x0000005a   Code   RO          715    .text.HAL_TIM_Base_Init  stm32f4xx_hal_tim.o
    0x08001d86   0x08001d86   0x00000002   PAD
    0x08001d88   0x08001d88   0x00000002   Code   RO          717    .text.HAL_TIM_Base_MspInit  stm32f4xx_hal_tim.o
    0x08001d8a   0x08001d8a   0x00000002   PAD
    0x08001d8c   0x08001d8c   0x000000a8   Code   RO          729    .text.HAL_TIM_Base_Start_IT  stm32f4xx_hal_tim.o
    0x08001e34   0x08001e34   0x00000002   Code   RO          851    .text.HAL_TIM_IC_CaptureCallback  stm32f4xx_hal_tim.o
    0x08001e36   0x08001e36   0x00000002   PAD
    0x08001e38   0x08001e38   0x0000016a   Code   RO          849    .text.HAL_TIM_IRQHandler  stm32f4xx_hal_tim.o
    0x08001fa2   0x08001fa2   0x00000002   PAD
    0x08001fa4   0x08001fa4   0x00000002   Code   RO          853    .text.HAL_TIM_OC_DelayElapsedCallback  stm32f4xx_hal_tim.o
    0x08001fa6   0x08001fa6   0x00000002   PAD
    0x08001fa8   0x08001fa8   0x00000002   Code   RO          855    .text.HAL_TIM_PWM_PulseFinishedCallback  stm32f4xx_hal_tim.o
    0x08001faa   0x08001faa   0x00000002   PAD
    0x08001fac   0x08001fac   0x00000014   Code   RO           17    .text.HAL_TIM_PeriodElapsedCallback  main.o
    0x08001fc0   0x08001fc0   0x00000002   Code   RO          859    .text.HAL_TIM_TriggerCallback  stm32f4xx_hal_tim.o
    0x08001fc2   0x08001fc2   0x00000002   PAD
    0x08001fc4   0x08001fc4   0x00000002   Code   RO         1143    .text.HAL_UARTEx_RxEventCallback  stm32f4xx_hal_uart.o
    0x08001fc6   0x08001fc6   0x00000002   PAD
    0x08001fc8   0x08001fc8   0x0000005c   Code   RO         1097    .text.HAL_UART_DMAStop  stm32f4xx_hal_uart.o
    0x08002024   0x08002024   0x00000002   Code   RO         1141    .text.HAL_UART_ErrorCallback  stm32f4xx_hal_uart.o
    0x08002026   0x08002026   0x00000002   PAD
    0x08002028   0x08002028   0x000001d2   Code   RO         1135    .text.HAL_UART_IRQHandler  stm32f4xx_hal_uart.o
    0x080021fa   0x080021fa   0x00000002   PAD
    0x080021fc   0x080021fc   0x0000005e   Code   RO         1053    .text.HAL_UART_Init  stm32f4xx_hal_uart.o
    0x0800225a   0x0800225a   0x00000002   PAD
    0x0800225c   0x0800225c   0x000000d8   Code   RO           94    .text.HAL_UART_MspInit  usart.o
    0x08002334   0x08002334   0x00000038   Code   RO         1089    .text.HAL_UART_Receive_DMA  stm32f4xx_hal_uart.o
    0x0800236c   0x0800236c   0x00000002   Code   RO         1153    .text.HAL_UART_RxCpltCallback  stm32f4xx_hal_uart.o
    0x0800236e   0x0800236e   0x00000002   PAD
    0x08002370   0x08002370   0x00000002   Code   RO         1155    .text.HAL_UART_RxHalfCpltCallback  stm32f4xx_hal_uart.o
    0x08002372   0x08002372   0x00000002   PAD
    0x08002374   0x08002374   0x00000002   Code   RO         1149    .text.HAL_UART_TxCpltCallback  stm32f4xx_hal_uart.o
    0x08002376   0x08002376   0x00000002   PAD
    0x08002378   0x08002378   0x00000002   Code   RO          110    .text.HardFault_Handler  stm32f4xx_it.o
    0x0800237a   0x0800237a   0x00000002   PAD
    0x0800237c   0x0800237c   0x00000042   Code   RO           64    .text.MX_CAN1_Init  can.o
    0x080023be   0x080023be   0x00000002   PAD
    0x080023c0   0x080023c0   0x00000042   Code   RO           66    .text.MX_CAN2_Init  can.o
    0x08002402   0x08002402   0x00000002   PAD
    0x08002404   0x08002404   0x00000036   Code   RO           83    .text.MX_DMA_Init   dma.o
    0x0800243a   0x0800243a   0x00000002   PAD
    0x0800243c   0x0800243c   0x000000a0   Code   RO           39    .text.MX_FREERTOS_Init  freertos.o
    0x080024dc   0x080024dc   0x00000108   Code   RO           28    .text.MX_GPIO_Init  gpio.o
    0x080025e4   0x080025e4   0x0000003c   Code   RO           92    .text.MX_USART1_UART_Init  usart.o
    0x08002620   0x08002620   0x00000002   Code   RO          112    .text.MemManage_Handler  stm32f4xx_it.o
    0x08002622   0x08002622   0x00000002   PAD
    0x08002624   0x08002624   0x00000002   Code   RO          108    .text.NMI_Handler   stm32f4xx_it.o
    0x08002626   0x08002626   0x00000002   PAD
    0x08002628   0x08002628   0x0000002c   Code   RO          558    .text.NVIC_EncodePriority  stm32f4xx_hal_cortex.o
    0x08002654   0x08002654   0x0000000c   PAD
    0x08002660   0x08002660   0x00000064   Code   RO         1676    .text.PendSV_Handler  port.o
    0x080026c4   0x080026c4   0x0000007c   Code   RO         1745    .text.PidCalculate  pid.o
    0x08002740   0x08002740   0x00000024   Code   RO         1660    .text.SVC_Handler   port.o
    0x08002764   0x08002764   0x0000002e   Code   RO         1678    .text.SysTick_Handler  port.o
    0x08002792   0x08002792   0x00000002   PAD
    0x08002794   0x08002794   0x0000009e   Code   RO           13    .text.SystemClock_Config  main.o
    0x08002832   0x08002832   0x00000002   PAD
    0x08002834   0x08002834   0x0000001a   Code   RO         1183    .text.SystemInit    system_stm32f4xx.o
    0x0800284e   0x0800284e   0x00000002   PAD
    0x08002850   0x08002850   0x00000010   Code   RO          122    .text.TIM1_UP_TIM10_IRQHandler  stm32f4xx_it.o
    0x08002860   0x08002860   0x00000124   Code   RO          719    .text.TIM_Base_SetConfig  stm32f4xx_hal_tim.o
    0x08002984   0x08002984   0x00000010   Code   RO         1139    .text.UART_DMAAbortOnError  stm32f4xx_hal_uart.o
    0x08002994   0x08002994   0x0000004c   Code   RO         1087    .text.UART_DMAError  stm32f4xx_hal_uart.o
    0x080029e0   0x080029e0   0x00000052   Code   RO         1171    .text.UART_DMAReceiveCplt  stm32f4xx_hal_uart.o
    0x08002a32   0x08002a32   0x00000002   PAD
    0x08002a34   0x08002a34   0x0000001a   Code   RO         1173    .text.UART_DMARxHalfCplt  stm32f4xx_hal_uart.o
    0x08002a4e   0x08002a4e   0x00000002   PAD
    0x08002a50   0x08002a50   0x0000002c   Code   RO         1101    .text.UART_EndRxTransfer  stm32f4xx_hal_uart.o
    0x08002a7c   0x08002a7c   0x00000018   Code   RO         1147    .text.UART_EndTransmit_IT  stm32f4xx_hal_uart.o
    0x08002a94   0x08002a94   0x00000012   Code   RO         1099    .text.UART_EndTxTransfer  stm32f4xx_hal_uart.o
    0x08002aa6   0x08002aa6   0x00000002   PAD
    0x08002aa8   0x08002aa8   0x0000009e   Code   RO         1137    .text.UART_Receive_IT  stm32f4xx_hal_uart.o
    0x08002b46   0x08002b46   0x00000002   PAD
    0x08002b48   0x08002b48   0x000000dc   Code   RO         1057    .text.UART_SetConfig  stm32f4xx_hal_uart.o
    0x08002c24   0x08002c24   0x00000072   Code   RO         1091    .text.UART_Start_Receive_DMA  stm32f4xx_hal_uart.o
    0x08002c96   0x08002c96   0x00000002   PAD
    0x08002c98   0x08002c98   0x00000052   Code   RO         1145    .text.UART_Transmit_IT  stm32f4xx_hal_uart.o
    0x08002cea   0x08002cea   0x00000002   PAD
    0x08002cec   0x08002cec   0x0000003e   Code   RO          124    .text.USART1_IRQHandler  stm32f4xx_it.o
    0x08002d2a   0x08002d2a   0x00000002   PAD
    0x08002d2c   0x08002d2c   0x00000002   Code   RO          116    .text.UsageFault_Handler  stm32f4xx_it.o
    0x08002d2e   0x08002d2e   0x00000002   PAD
    0x08002d30   0x08002d30   0x00000020   Code   RO          562    .text.__NVIC_EnableIRQ  stm32f4xx_hal_cortex.o
    0x08002d50   0x08002d50   0x00000010   Code   RO          554    .text.__NVIC_GetPriorityGrouping  stm32f4xx_hal_cortex.o
    0x08002d60   0x08002d60   0x00000022   Code   RO          556    .text.__NVIC_SetPriority  stm32f4xx_hal_cortex.o
    0x08002d82   0x08002d82   0x00000002   PAD
    0x08002d84   0x08002d84   0x00000020   Code   RO          550    .text.__NVIC_SetPriorityGrouping  stm32f4xx_hal_cortex.o
    0x08002da4   0x08002da4   0x00000066   Code   RO         1693    .text.can_filter_init  concan.o
    0x08002e0a   0x08002e0a   0x00000002   PAD
    0x08002e0c   0x08002e0c   0x000000c8   Code   RO         1800    .text.chassis_keyboard  chassis_task.o
    0x08002ed4   0x08002ed4   0x00000078   Code   RO         1798    .text.chassis_remote  chassis_task.o
    0x08002f4c   0x08002f4c   0x000001a0   Code   RO         1796    .text.chasssis_task  chassis_task.o
    0x080030ec   0x080030ec   0x000001bc   Code   RO         1828    .text.covert_       engineering_task.o
    0x080032a8   0x080032a8   0x000002c4   Code   RO         1722    .text.dbus_getdata  condbus.o
    0x0800356c   0x0800356c   0x0000006a   Code   RO         1853    .text.engineer_init  engineer.o
    0x080035d6   0x080035d6   0x00000002   PAD
    0x080035d8   0x080035d8   0x000000ea   Code   RO         1820    .text.engineer_task  engineering_task.o
    0x080036c2   0x080036c2   0x00000002   PAD
    0x080036c4   0x080036c4   0x00000056   Code   RO         1822    .text.engineering_keyboard  engineering_task.o
    0x0800371a   0x0800371a   0x00000002   PAD
    0x0800371c   0x0800371c   0x0000002a   Code   RO         1772    .text.first_order_filter_cali  filter.o
    0x08003746   0x08003746   0x00000002   PAD
    0x08003748   0x08003748   0x0000000a   Code   RO         1774    .text.first_order_filter_init  filter.o
    0x08003752   0x08003752   0x00000002   PAD
    0x08003754   0x08003754   0x000001ec   Code   RO         1824    .text.get_big       engineering_task.o
    0x08003940   0x08003940   0x00000238   Code   RO         1826    .text.get_big_three  engineering_task.o
    0x08003b78   0x08003b78   0x000000b4   Code   RO           11    .text.main          main.o
    0x08003c2c   0x08003c2c   0x0000000c   Code   RO         1514    .text.makeFreeRtosPriority  cmsis_os.o
    0x08003c38   0x08003c38   0x00000010   Code   RO         1528    .text.osDelay       cmsis_os.o
    0x08003c48   0x08003c48   0x0000000a   Code   RO         1504    .text.osKernelStart  cmsis_os.o
    0x08003c52   0x08003c52   0x00000002   PAD
    0x08003c54   0x08003c54   0x0000006e   Code   RO         1512    .text.osThreadCreate  cmsis_os.o
    0x08003cc2   0x08003cc2   0x00000002   PAD
    0x08003cc4   0x08003cc4   0x00000008   Code   RO         1787    .text.os_delay      time.o
    0x08003ccc   0x08003ccc   0x00000136   Code   RO           45    .text.pid_calc_task  freertos.o
    0x08003e02   0x08003e02   0x00000002   PAD
    0x08003e04   0x08003e04   0x0000000e   Code   RO         1747    .text.pid_struct_init  pid.o
    0x08003e12   0x08003e12   0x00000002   PAD
    0x08003e14   0x08003e14   0x000000a2   Code   RO         1386    .text.prvAddCurrentTaskToDelayedList  tasks.o
    0x08003eb6   0x08003eb6   0x00000002   PAD
    0x08003eb8   0x08003eb8   0x000000ac   Code   RO         1372    .text.prvAddNewTaskToReadyList  tasks.o
    0x08003f64   0x08003f64   0x0000004e   Code   RO         1472    .text.prvCheckTasksWaitingTermination  tasks.o
    0x08003fb2   0x08003fb2   0x00000002   PAD
    0x08003fb4   0x08003fb4   0x00000036   Code   RO         1378    .text.prvDeleteTCB  tasks.o
    0x08003fea   0x08003fea   0x00000002   PAD
    0x08003fec   0x08003fec   0x00000076   Code   RO         1626    .text.prvHeapInit   heap_4.o
    0x08004062   0x08004062   0x00000002   PAD
    0x08004064   0x08004064   0x0000002a   Code   RO         1410    .text.prvIdleTask   tasks.o
    0x0800408e   0x0800408e   0x00000002   PAD
    0x08004090   0x08004090   0x00000088   Code   RO         1370    .text.prvInitialiseNewTask  tasks.o
    0x08004118   0x08004118   0x0000006e   Code   RO         1470    .text.prvInitialiseTaskLists  tasks.o
    0x08004186   0x08004186   0x00000002   PAD
    0x08004188   0x08004188   0x0000005a   Code   RO         1628    .text.prvInsertBlockIntoFreeList  heap_4.o
    0x080041e2   0x080041e2   0x00000002   PAD
    0x080041e4   0x080041e4   0x00000028   Code   RO         1668    .text.prvPortStartFirstTask  port.o
    0x0800420c   0x0800420c   0x00000028   Code   RO         1380    .text.prvResetNextTaskUnblockTime  tasks.o
    0x08004234   0x08004234   0x00000032   Code   RO         1658    .text.prvTaskExitError  port.o
    0x08004266   0x08004266   0x00000002   PAD
    0x08004268   0x08004268   0x0000014a   Code   RO         1624    .text.pvPortMalloc  heap_4.o
    0x080043b2   0x080043b2   0x00000002   PAD
    0x080043b4   0x080043b4   0x00000028   Code   RO         1656    .text.pxPortInitialiseStack  port.o
    0x080043dc   0x080043dc   0x00000004   PAD
    0x080043e0   0x080043e0   0x000000f0   Code   RO         1757    .text.ramp_calc     ramp.o
    0x080044d0   0x080044d0   0x00000006   Code   RO         1759    .text.ramp_init     ramp.o
    0x080044d6   0x080044d6   0x00000002   PAD
    0x080044d8   0x080044d8   0x00000028   Code   RO         1802    .text.read_num      chassis_task.o
    0x08004500   0x08004500   0x00000086   Code   RO         1695    .text.sendMotorCurrent  concan.o
    0x08004586   0x08004586   0x00000002   PAD
    0x08004588   0x08004588   0x00000062   Code   RO         1855    .text.set_data_init  engineer.o
    0x080045ea   0x080045ea   0x00000002   PAD
    0x080045ec   0x080045ec   0x0000005c   Code   RO         1832    .text.tuitui_box    engineering_task.o
    0x08004648   0x08004648   0x0000006e   Code   RO         1830    .text.uuid_change_zero  engineering_task.o
    0x080046b6   0x080046b6   0x00000002   PAD
    0x080046b8   0x080046b8   0x00000024   Code   RO         1237    .text.uxListRemove  list.o
    0x080046dc   0x080046dc   0x0000001a   Code   RO           37    .text.vApplicationGetIdleTaskMemory  freertos.o
    0x080046f6   0x080046f6   0x00000002   PAD
    0x080046f8   0x080046f8   0x00000016   Code   RO         1229    .text.vListInitialise  list.o
    0x0800470e   0x0800470e   0x00000002   PAD
    0x08004710   0x08004710   0x00000006   Code   RO         1231    .text.vListInitialiseItem  list.o
    0x08004716   0x08004716   0x00000002   PAD
    0x08004718   0x08004718   0x0000003a   Code   RO         1235    .text.vListInsert   list.o
    0x08004752   0x08004752   0x00000002   PAD
    0x08004754   0x08004754   0x0000001c   Code   RO         1233    .text.vListInsertEnd  list.o
    0x08004770   0x08004770   0x00000014   Code   RO         1666    .text.vPortEnableVFP  port.o
    0x08004784   0x08004784   0x00000046   Code   RO         1672    .text.vPortEnterCritical  port.o
    0x080047ca   0x080047ca   0x00000002   PAD
    0x080047cc   0x080047cc   0x0000002e   Code   RO         1674    .text.vPortExitCritical  port.o
    0x080047fa   0x080047fa   0x00000002   PAD
    0x080047fc   0x080047fc   0x0000008a   Code   RO         1630    .text.vPortFree     heap_4.o
    0x08004886   0x08004886   0x00000002   PAD
    0x08004888   0x08004888   0x00000034   Code   RO         1664    .text.vPortSetupTimerInterrupt  port.o
    0x080048bc   0x080048bc   0x00000054   Code   RO         1390    .text.vTaskDelay    tasks.o
    0x08004910   0x08004910   0x000000a8   Code   RO         1382    .text.vTaskDelayUntil  tasks.o
    0x080049b8   0x080049b8   0x00000080   Code   RO         1408    .text.vTaskStartScheduler  tasks.o
    0x08004a38   0x08004a38   0x00000010   Code   RO         1384    .text.vTaskSuspendAll  tasks.o
    0x08004a48   0x08004a48   0x00000086   Code   RO         1400    .text.vTaskSwitchContext  tasks.o
    0x08004ace   0x08004ace   0x00000002   PAD
    0x08004ad0   0x08004ad0   0x00000080   Code   RO         1699    .text.value_get     concan.o
    0x08004b50   0x08004b50   0x00000112   Code   RO         1662    .text.xPortStartScheduler  port.o
    0x08004c62   0x08004c62   0x00000002   PAD
    0x08004c64   0x08004c64   0x00000066   Code   RO         1374    .text.xTaskCreate   tasks.o
    0x08004cca   0x08004cca   0x00000002   PAD
    0x08004ccc   0x08004ccc   0x00000076   Code   RO         1368    .text.xTaskCreateStatic  tasks.o
    0x08004d42   0x08004d42   0x00000002   PAD
    0x08004d44   0x08004d44   0x0000000c   Code   RO         1416    .text.xTaskGetTickCount  tasks.o
    0x08004d50   0x08004d50   0x00000164   Code   RO         1414    .text.xTaskIncrementTick  tasks.o
    0x08004eb4   0x08004eb4   0x00000118   Code   RO         1388    .text.xTaskResumeAll  tasks.o
    0x08004fcc   0x08004fcc   0x0000000e   Code   RO         1915    i.__scatterload_copy  mc_w.l(handlers.o)
    0x08004fda   0x08004fda   0x00000002   Code   RO         1916    i.__scatterload_null  mc_w.l(handlers.o)
    0x08004fdc   0x08004fdc   0x0000000e   Code   RO         1917    i.__scatterload_zeroinit  mc_w.l(handlers.o)
    0x08004fea   0x08004fea   0x00000002   PAD
    0x08004fec   0x08004fec   0x0000001c   Data   RO           50    .rodata..L__const.MX_FREERTOS_Init.os_thread_def_myTask01  freertos.o
    0x08005008   0x08005008   0x0000001c   Data   RO           52    .rodata..L__const.MX_FREERTOS_Init.os_thread_def_myTask02  freertos.o
    0x08005024   0x08005024   0x0000001c   Data   RO           54    .rodata..L__const.MX_FREERTOS_Init.os_thread_def_myTask03  freertos.o
    0x08005040   0x08005040   0x00000010   Data   RO         1188    .rodata.AHBPrescTable  system_stm32f4xx.o
    0x08005050   0x08005050   0x00000008   Data   RO         1189    .rodata.APBPrescTable  system_stm32f4xx.o
    0x08005058   0x08005058   0x0000001b   Data   RO           49    .rodata.str1.1      freertos.o
    0x08005073   0x08005073   0x00000001   PAD
    0x08005074   0x08005074   0x00000020   Data   RO         1914    Region$$Table       anon$$obj.o


    Execution Region RW_IRAM2 (Exec base: 0x10000000, Load base: 0x08005178, Size: 0x00000000, Max: 0x00010000, ABSOLUTE)

    **** No section assigned to this execution region ****


    Execution Region RW_IRAM1 (Exec base: 0x20000000, Load base: 0x08005098, Size: 0x00004960, Max: 0x00030000, ABSOLUTE)

    Exec Addr    Load Addr    Size         Type   Attr      Idx    E Section Name        Object

    0x20000000   0x08005098   0x00000018   Data   RW         1706    .data.RM3508_Elevator_Data_L  concan.o
    0x20000018   0x080050b0   0x00000018   Data   RW         1707    .data.RM3508_Elevator_Data_R  concan.o
    0x20000030   0x080050c8   0x00000018   Data   RW         1705    .data.RM3508_Snatch_Data  concan.o
    0x20000048   0x080050e0   0x00000004   Data   RW         1187    .data.SystemCoreClock  system_stm32f4xx.o
    0x2000004c   0x080050e4   0x00000014   Data   RW         1804    .data.chassis_pid_param  chassis_task.o
    0x20000060   0x080050f8   0x00000014   Data   RW         1837    .data.ele_inner     engineering_task.o
    0x20000074   0x0800510c   0x00000014   Data   RW         1836    .data.ele_outer     engineering_task.o
    0x20000088   0x08005120   0x00000010   Data   RW         1858    .data.ele_position  engineer.o
    0x20000098   0x08005130   0x00000001   Data   RW         1724    .data.ore_number    condbus.o
    0x20000099   0x08005131   0x00000003   PAD
    0x2000009c   0x08005134   0x00000014   Data   RW         1835    .data.snatch_inner  engineering_task.o
    0x200000b0   0x08005148   0x00000014   Data   RW         1834    .data.snatch_outer  engineering_task.o
    0x200000c4   0x0800515c   0x00000010   Data   RW         1857    .data.snatch_position  engineer.o
    0x200000d4   0x0800516c   0x00000001   Data   RW          679    .data.uwTickFreq    stm32f4xx_hal.o
    0x200000d5   0x0800516d   0x00000003   PAD
    0x200000d8   0x08005170   0x00000004   Data   RW          678    .data.uwTickPrio    stm32f4xx_hal.o
    0x200000dc   0x08005174   0x00000004   Data   RW         1684    .data.uxCriticalNesting  port.o
    0x200000e0        -       0x00000016   Zero   RW         1732    .bss.DBUS           condbus.o
    0x200000f6        -       0x00000013   Zero   RW          130    .bss.DBUS_BUFFER    stm32f4xx_it.o
    0x20000109   0x08005178   0x00000003   PAD
    0x2000010c        -       0x00000001   Zero   RW         1712    .bss.HAL_CAN_RxFifo0MsgPendingCallback.can_uuid  concan.o
    0x2000010d   0x08005178   0x00000003   PAD
    0x20000110        -       0x00000004   Zero   RW           74    .bss.HAL_RCC_CAN1_CLK_ENABLED  can.o
    0x20000114        -       0x00000028   Zero   RW         1726    .bss.Key_Count      condbus.o
    0x2000013c        -       0x00000001   Zero   RW         1729    .bss.MOTION_MODE_ROTATE  condbus.o
    0x2000013d   0x08005178   0x00000003   PAD
    0x20000140        -       0x00000034   Zero   RW         1805    .bss.PID_RM3508_Speed_1  chassis_task.o
    0x20000174        -       0x00000034   Zero   RW         1806    .bss.PID_RM3508_Speed_2  chassis_task.o
    0x200001a8        -       0x00000034   Zero   RW         1807    .bss.PID_RM3508_Speed_3  chassis_task.o
    0x200001dc        -       0x00000034   Zero   RW         1808    .bss.PID_RM3508_Speed_4  chassis_task.o
    0x20000210        -       0x00000018   Zero   RW         1701    .bss.RM3508_Data_1  concan.o
    0x20000228        -       0x00000018   Zero   RW         1702    .bss.RM3508_Data_2  concan.o
    0x20000240        -       0x00000018   Zero   RW         1703    .bss.RM3508_Data_3  concan.o
    0x20000258        -       0x00000018   Zero   RW         1704    .bss.RM3508_Data_4  concan.o
    0x20000270        -       0x00000028   Zero   RW         1711    .bss.can_filter_st  concan.o
    0x20000298        -       0x00000010   Zero   RW         1778    .bss.chassis_cmd_rotate  filter.o
    0x200002a8        -       0x00000010   Zero   RW         1776    .bss.chassis_cmd_vx  filter.o
    0x200002b8        -       0x00000010   Zero   RW         1777    .bss.chassis_cmd_vy  filter.o
    0x200002c8        -       0x00000010   Zero   RW         1763    .bss.chassis_ramp_r  ramp.o
    0x200002d8        -       0x00000010   Zero   RW         1761    .bss.chassis_ramp_x  ramp.o
    0x200002e8        -       0x00000010   Zero   RW         1762    .bss.chassis_ramp_y  ramp.o
    0x200002f8        -       0x0000000c   Zero   RW         1809    .bss.chassis_rel_speed_t  chassis_task.o
    0x20000304        -       0x00000014   Zero   RW         1810    .bss.chassis_speed_t  chassis_task.o
    0x20000318        -       0x00000001   Zero   RW         1727    .bss.control_mode_state  condbus.o
    0x20000319   0x08005178   0x00000003   PAD
    0x2000031c        -       0x00000034   Zero   RW         1840    .bss.ele_left_position_pid  engineering_task.o
    0x20000350        -       0x00000034   Zero   RW         1842    .bss.ele_left_speed_pid  engineering_task.o
    0x20000384        -       0x00000034   Zero   RW         1841    .bss.ele_right_position_pid  engineering_task.o
    0x200003b8        -       0x00000034   Zero   RW         1843    .bss.ele_right_speed_pid  engineering_task.o
    0x200003ec        -       0x00000028   Zero   RW           72    .bss.hcan1          can.o
    0x20000414        -       0x00000028   Zero   RW           73    .bss.hcan2          can.o
    0x2000043c        -       0x00000060   Zero   RW           99    .bss.hdma_usart1_rx  usart.o
    0x2000049c        -       0x00000048   Zero   RW          153    .bss.htim1          stm32f4xx_hal_timebase_tim.o
    0x200004e4        -       0x00000044   Zero   RW           98    .bss.huart1         usart.o
    0x20000528        -       0x00000001   Zero   RW         1728    .bss.motion_mode_state  condbus.o
    0x20000529   0x08005178   0x00000003   PAD
    0x2000052c        -       0x00000004   Zero   RW           51    .bss.myTask01Handle  freertos.o
    0x20000530        -       0x00000004   Zero   RW           53    .bss.myTask02Handle  freertos.o
    0x20000534        -       0x00000004   Zero   RW           55    .bss.myTask03Handle  freertos.o
    0x20000538        -       0x00000001   Zero   RW         1731    .bss.my_upanddown   condbus.o
    0x20000539   0x08005178   0x00000003   PAD
    0x2000053c        -       0x00000004   Zero   RW         1474    .bss.pxCurrentTCB   tasks.o
    0x20000540        -       0x00000004   Zero   RW         1490    .bss.pxDelayedTaskList  tasks.o
    0x20000544        -       0x00000004   Zero   RW         1640    .bss.pxEnd          heap_4.o
    0x20000548        -       0x00000004   Zero   RW         1491    .bss.pxOverflowDelayedTaskList  tasks.o
    0x2000054c        -       0x0000008c   Zero   RW         1475    .bss.pxReadyTasksLists  tasks.o
    0x200005d8        -       0x00000004   Zero   RW         1730    .bss.small_and_big  condbus.o
    0x200005dc        -       0x00000034   Zero   RW         1838    .bss.snatch_position_pid  engineering_task.o
    0x20000610        -       0x00000034   Zero   RW         1839    .bss.snatch_speed_pid  engineering_task.o
    0x20000644        -       0x00003c00   Zero   RW         1647    .bss.ucHeap         heap_4.o
    0x20004244        -       0x00000001   Zero   RW         1682    .bss.ucMaxSysCallPriority  port.o
    0x20004245   0x08005178   0x00000003   PAD
    0x20004248        -       0x00000004   Zero   RW         1683    .bss.ulMaxPRIGROUPValue  port.o
    0x2000424c        -       0x00000005   Zero   RW         1844    .bss.uuid_t         engineering_task.o
    0x20004251   0x08005178   0x00000003   PAD
    0x20004254        -       0x00000004   Zero   RW          680    .bss.uwTick         stm32f4xx_hal.o
    0x20004258        -       0x00000004   Zero   RW         1480    .bss.uxCurrentNumberOfTasks  tasks.o
    0x2000425c        -       0x00000004   Zero   RW         1479    .bss.uxDeletedTasksWaitingCleanUp  tasks.o
    0x20004260        -       0x00000004   Zero   RW         1482    .bss.uxSchedulerSuspended  tasks.o
    0x20004264        -       0x00000004   Zero   RW         1477    .bss.uxTaskNumber   tasks.o
    0x20004268        -       0x00000004   Zero   RW         1476    .bss.uxTopReadyPriority  tasks.o
    0x2000426c        -       0x00000001   Zero   RW         1641    .bss.xBlockAllocatedBit  heap_4.o
    0x2000426d   0x08005178   0x00000003   PAD
    0x20004270        -       0x00000014   Zero   RW         1493    .bss.xDelayedTaskList1  tasks.o
    0x20004284        -       0x00000014   Zero   RW         1494    .bss.xDelayedTaskList2  tasks.o
    0x20004298        -       0x00000004   Zero   RW         1642    .bss.xFreeBytesRemaining  heap_4.o
    0x2000429c        -       0x00000200   Zero   RW           48    .bss.xIdleStack     freertos.o
    0x2000449c        -       0x00000004   Zero   RW         1486    .bss.xIdleTaskHandle  tasks.o
    0x200044a0        -       0x00000054   Zero   RW           47    .bss.xIdleTaskTCBBuffer  freertos.o
    0x200044f4        -       0x00000004   Zero   RW         1644    .bss.xMinimumEverFreeBytesRemaining  heap_4.o
    0x200044f8        -       0x00000004   Zero   RW         1487    .bss.xNextTaskUnblockTime  tasks.o
    0x200044fc        -       0x00000004   Zero   RW         1492    .bss.xNumOfOverflows  tasks.o
    0x20004500        -       0x00000004   Zero   RW         1645    .bss.xNumberOfSuccessfulAllocations  heap_4.o
    0x20004504        -       0x00000004   Zero   RW         1646    .bss.xNumberOfSuccessfulFrees  heap_4.o
    0x20004508        -       0x00000004   Zero   RW         1489    .bss.xPendedTicks   tasks.o
    0x2000450c        -       0x00000014   Zero   RW         1485    .bss.xPendingReadyList  tasks.o
    0x20004520        -       0x00000004   Zero   RW         1481    .bss.xSchedulerRunning  tasks.o
    0x20004524        -       0x00000008   Zero   RW         1643    .bss.xStart         heap_4.o
    0x2000452c        -       0x00000014   Zero   RW         1484    .bss.xSuspendedTaskList  tasks.o
    0x20004540        -       0x00000014   Zero   RW         1478    .bss.xTasksWaitingTermination  tasks.o
    0x20004554        -       0x00000004   Zero   RW         1483    .bss.xTickCount     tasks.o
    0x20004558        -       0x00000004   Zero   RW         1488    .bss.xYieldPending  tasks.o
    0x2000455c   0x08005178   0x00000004   PAD
    0x20004560        -       0x00000400   Zero   RW            1    STACK               startup_stm32f427xx.o


==============================================================================

Image component sizes


      Code (inc. data)   RO Data    RW Data    ZI Data      Debug   Object Name

       418          0          0          0         84       6646   can.o
       776         12          0         20        240       2804   chassis_task.o
       148          0          0          0          0      19577   cmsis_os.o
       558         10          0         72        137       5076   concan.o
       708         36          0          1         70       3296   condbus.o
        54          0          0          0          0       3437   dma.o
       204          0          0         32          0        904   engineer.o
      2026         48          0         80        317       4176   engineering_task.o
        52          0          0          0         48       1044   filter.o
       496          0        111          0        608       3455   freertos.o
       264          0          0          0          0       2215   gpio.o
       676          0          0          0      15389       4713   heap_4.o
       150          0          0          0          0       2193   list.o
       360         16          0          0          0       5610   main.o
       234          0          0          0          0       1438   pid.o
       774         16          0          4          5       3798   port.o
       246          8          0          0         48       1071   ramp.o
        36          8        428          0       1024        808   startup_stm32f427xx.o
        92          0          0          5          4       7653   stm32f4xx_hal.o
      1636          6          0          0          0      13076   stm32f4xx_hal_can.o
       204          0          0          0          0      10785   stm32f4xx_hal_cortex.o
      1062         12          0          0          0       9221   stm32f4xx_hal_dma.o
       416          0          0          0          0       5202   stm32f4xx_hal_gpio.o
        70          0          0          0          0       3500   stm32f4xx_hal_msp.o
       122          0          0          0          0       4555   stm32f4xx_hal_pwr_ex.o
      1438          0          0          0          0       7283   stm32f4xx_hal_rcc.o
       922          0          0          0          0      42851   stm32f4xx_hal_tim.o
         4          0          0          0          0      18062   stm32f4xx_hal_tim_ex.o
       140          0          0          0         72       7238   stm32f4xx_hal_timebase_tim.o
      1578          0          0          0          0      20738   stm32f4xx_hal_uart.o
       138          0          0          0         19       1547   stm32f4xx_it.o
        26          0         24          4          0       2632   system_stm32f4xx.o
      2192          8          0          0        300      25456   tasks.o
         8          0          0          0          0        512   time.o
       276          0          0          0        164       6938   usart.o

    ----------------------------------------------------------------------
     18724        180        596        224      18560     259510   Object Totals
         0          0         32          0          0          0   (incl. Generated)
       220          0          1          6         31          0   (incl. Padding)

    ----------------------------------------------------------------------

      Code (inc. data)   RO Data    RW Data    ZI Data      Debug   Library Member Name

         0          0          0          0          0          0   entry.o
         0          0          0          0          0          0   entry10a.o
         0          0          0          0          0          0   entry11a.o
         8          4          0          0          0          0   entry2.o
         4          0          0          0          0          0   entry5.o
         0          0          0          0          0          0   entry7b.o
         0          0          0          0          0          0   entry8b.o
         8          4          0          0          0          0   entry9a.o
        30          0          0          0          0          0   handlers.o
        36          8          0          0          0         68   init.o
         0          0          0          0          0          0   iusefp.o
        30          0          0          0          0         68   llshl.o
        36          0          0          0          0         68   llsshr.o
        32          0          0          0          0         68   llushr.o
        36          0          0          0          0        108   memseta.o
        98          0          0          0          0         92   uldiv.o
        56          0          0          0          0         88   d2f.o
       334          0          0          0          0        148   dadd.o
       186          0          0          0          0        176   depilogue.o
        34          0          0          0          0         76   dflti.o
       228          0          0          0          0         96   dmul.o
        38          0          0          0          0         68   f2d.o
       110          0          0          0          0        168   fepilogue.o

    ----------------------------------------------------------------------
      1308         16          0          0          0       1292   Library Totals
         4          0          0          0          0          0   (incl. Padding)

    ----------------------------------------------------------------------

      Code (inc. data)   RO Data    RW Data    ZI Data      Debug   Library Name

       318         16          0          0          0        472   mc_w.l
       986          0          0          0          0        820   mf_w.l

    ----------------------------------------------------------------------
      1308         16          0          0          0       1292   Library Totals

    ----------------------------------------------------------------------

==============================================================================


      Code (inc. data)   RO Data    RW Data    ZI Data      Debug   

     20032        196        596        224      18560     259958   Grand Totals
     20032        196        596        224      18560     259958   ELF Image Totals
     20032        196        596        224          0          0   ROM Totals

==============================================================================

    Total RO  Size (Code + RO Data)                20628 (  20.14kB)
    Total RW  Size (RW Data + ZI Data)             18784 (  18.34kB)
    Total ROM Size (Code + RO Data + RW Data)      20852 (  20.36kB)

==============================================================================

